Archive member included to satisfy reference by file (symbol)

c:/st/stm32cubeide_1.11.0/stm32cubeide/plugins/com.st.stm32cube.ide.mcu.externaltools.gnu-tools-for-stm32.10.3-2021.10.win32_1.0.200.202301161003/tools/bin/../lib/gcc/arm-none-eabi/10.3.1/../../../../arm-none-eabi/lib/thumb/v7-m/nofp\libc_nano.a(lib_a-errno.o)
                              ./Core/Src/syscalls.o (__errno)
c:/st/stm32cubeide_1.11.0/stm32cubeide/plugins/com.st.stm32cube.ide.mcu.externaltools.gnu-tools-for-stm32.10.3-2021.10.win32_1.0.200.202301161003/tools/bin/../lib/gcc/arm-none-eabi/10.3.1/../../../../arm-none-eabi/lib/thumb/v7-m/nofp\libc_nano.a(lib_a-exit.o)
                              c:/st/stm32cubeide_1.11.0/stm32cubeide/plugins/com.st.stm32cube.ide.mcu.externaltools.gnu-tools-for-stm32.10.3-2021.10.win32_1.0.200.202301161003/tools/bin/../lib/gcc/arm-none-eabi/10.3.1/../../../../arm-none-eabi/lib/thumb/v7-m/nofp/crt0.o (exit)
c:/st/stm32cubeide_1.11.0/stm32cubeide/plugins/com.st.stm32cube.ide.mcu.externaltools.gnu-tools-for-stm32.10.3-2021.10.win32_1.0.200.202301161003/tools/bin/../lib/gcc/arm-none-eabi/10.3.1/../../../../arm-none-eabi/lib/thumb/v7-m/nofp\libc_nano.a(lib_a-impure.o)
                              c:/st/stm32cubeide_1.11.0/stm32cubeide/plugins/com.st.stm32cube.ide.mcu.externaltools.gnu-tools-for-stm32.10.3-2021.10.win32_1.0.200.202301161003/tools/bin/../lib/gcc/arm-none-eabi/10.3.1/../../../../arm-none-eabi/lib/thumb/v7-m/nofp\libc_nano.a(lib_a-exit.o) (_global_impure_ptr)
c:/st/stm32cubeide_1.11.0/stm32cubeide/plugins/com.st.stm32cube.ide.mcu.externaltools.gnu-tools-for-stm32.10.3-2021.10.win32_1.0.200.202301161003/tools/bin/../lib/gcc/arm-none-eabi/10.3.1/../../../../arm-none-eabi/lib/thumb/v7-m/nofp\libc_nano.a(lib_a-init.o)
                              c:/st/stm32cubeide_1.11.0/stm32cubeide/plugins/com.st.stm32cube.ide.mcu.externaltools.gnu-tools-for-stm32.10.3-2021.10.win32_1.0.200.202301161003/tools/bin/../lib/gcc/arm-none-eabi/10.3.1/../../../../arm-none-eabi/lib/thumb/v7-m/nofp/crt0.o (__libc_init_array)
c:/st/stm32cubeide_1.11.0/stm32cubeide/plugins/com.st.stm32cube.ide.mcu.externaltools.gnu-tools-for-stm32.10.3-2021.10.win32_1.0.200.202301161003/tools/bin/../lib/gcc/arm-none-eabi/10.3.1/../../../../arm-none-eabi/lib/thumb/v7-m/nofp\libc_nano.a(lib_a-memcpy-stub.o)
                              ./os/os_ipc.o (memcpy)
c:/st/stm32cubeide_1.11.0/stm32cubeide/plugins/com.st.stm32cube.ide.mcu.externaltools.gnu-tools-for-stm32.10.3-2021.10.win32_1.0.200.202301161003/tools/bin/../lib/gcc/arm-none-eabi/10.3.1/../../../../arm-none-eabi/lib/thumb/v7-m/nofp\libc_nano.a(lib_a-memset.o)
                              c:/st/stm32cubeide_1.11.0/stm32cubeide/plugins/com.st.stm32cube.ide.mcu.externaltools.gnu-tools-for-stm32.10.3-2021.10.win32_1.0.200.202301161003/tools/bin/../lib/gcc/arm-none-eabi/10.3.1/../../../../arm-none-eabi/lib/thumb/v7-m/nofp/crt0.o (memset)
c:/st/stm32cubeide_1.11.0/stm32cubeide/plugins/com.st.stm32cube.ide.mcu.externaltools.gnu-tools-for-stm32.10.3-2021.10.win32_1.0.200.202301161003/tools/bin/../lib/gcc/arm-none-eabi/10.3.1/../../../../arm-none-eabi/lib/thumb/v7-m/nofp\libc_nano.a(lib_a-strlen.o)
                              ./Core/Src/main.o (strlen)

Discarded input sections

 .text          0x0000000000000000        0x0 c:/st/stm32cubeide_1.11.0/stm32cubeide/plugins/com.st.stm32cube.ide.mcu.externaltools.gnu-tools-for-stm32.10.3-2021.10.win32_1.0.200.202301161003/tools/bin/../lib/gcc/arm-none-eabi/10.3.1/thumb/v7-m/nofp/crti.o
 .data          0x0000000000000000        0x0 c:/st/stm32cubeide_1.11.0/stm32cubeide/plugins/com.st.stm32cube.ide.mcu.externaltools.gnu-tools-for-stm32.10.3-2021.10.win32_1.0.200.202301161003/tools/bin/../lib/gcc/arm-none-eabi/10.3.1/thumb/v7-m/nofp/crti.o
 .bss           0x0000000000000000        0x0 c:/st/stm32cubeide_1.11.0/stm32cubeide/plugins/com.st.stm32cube.ide.mcu.externaltools.gnu-tools-for-stm32.10.3-2021.10.win32_1.0.200.202301161003/tools/bin/../lib/gcc/arm-none-eabi/10.3.1/thumb/v7-m/nofp/crti.o
 .data          0x0000000000000000        0x4 c:/st/stm32cubeide_1.11.0/stm32cubeide/plugins/com.st.stm32cube.ide.mcu.externaltools.gnu-tools-for-stm32.10.3-2021.10.win32_1.0.200.202301161003/tools/bin/../lib/gcc/arm-none-eabi/10.3.1/thumb/v7-m/nofp/crtbegin.o
 .rodata        0x0000000000000000       0x24 c:/st/stm32cubeide_1.11.0/stm32cubeide/plugins/com.st.stm32cube.ide.mcu.externaltools.gnu-tools-for-stm32.10.3-2021.10.win32_1.0.200.202301161003/tools/bin/../lib/gcc/arm-none-eabi/10.3.1/thumb/v7-m/nofp/crtbegin.o
 .text          0x0000000000000000       0x7c c:/st/stm32cubeide_1.11.0/stm32cubeide/plugins/com.st.stm32cube.ide.mcu.externaltools.gnu-tools-for-stm32.10.3-2021.10.win32_1.0.200.202301161003/tools/bin/../lib/gcc/arm-none-eabi/10.3.1/../../../../arm-none-eabi/lib/thumb/v7-m/nofp/crt0.o
[...]
Memory Configuration

Name             Origin             Length             Attributes
RAM              0x0000000020000000 0x0000000000005000 xrw
FLASH            0x0000000008000000 0x0000000000010000 xr
*default*        0x0000000000000000 0xffffffffffffffff

Linker script and memory map

LOAD c:/st/stm32cubeide_1.11.0/stm32cubeide/plugins/com.st.stm32cube.ide.mcu.externaltools.gnu-tools-for-stm32.10.3-2021.10.win32_1.0.200.202301161003/tools/bin/../lib/gcc/arm-none-eabi/10.3.1/thumb/v7-m/nofp/crti.o
LOAD c:/st/stm32cubeide_1.11.0/stm32cubeide/plugins/com.st.stm32cube.ide.mcu.externaltools.gnu-tools-for-stm32.10.3-2021.10.win32_1.0.200.202301161003/tools/bin/../lib/gcc/arm-none-eabi/10.3.1/thumb/v7-m/nofp/crtbegin.o
LOAD c:/st/stm32cubeide_1.11.0/stm32cubeide/plugins/com.st.stm32cube.ide.mcu.externaltools.gnu-tools-for-stm32.10.3-2021.10.win32_1.0.200.202301161003/tools/bin/../lib/gcc/arm-none-eabi/10.3.1/../../../../arm-none-eabi/lib/thumb/v7-m/nofp/crt0.o
LOAD ./Core/Src/main.o
LOAD ./Core/Src/stm32f1xx_hal_msp.o
LOAD ./Core/Src/stm32f1xx_it.o
LOAD ./Core/Src/syscalls.o
LOAD ./Core/Src/sysmem.o
LOAD ./Core/Src/system_stm32f1xx.o
LOAD ./Core/Startup/startup_stm32f103c8tx.o
LOAD ./Drivers/STM32F1xx_HAL_Driver/Src/stm32f1xx_hal.o
LOAD ./Drivers/STM32F1xx_HAL_Driver/Src/stm32f1xx_hal_cortex.o
LOAD ./Drivers/STM32F1xx_HAL_Driver/Src/stm32f1xx_hal_dma.o
LOAD ./Drivers/STM32F1xx_HAL_Driver/Src/stm32f1xx_hal_exti.o
LOAD ./Drivers/STM32F1xx_HAL_Driver/Src/stm32f1xx_hal_flash.o
LOAD ./Drivers/STM32F1xx_HAL_Driver/Src/stm32f1xx_hal_flash_ex.o
LOAD ./Drivers/STM32F1xx_HAL_Driver/Src/stm32f1xx_hal_gpio.o
LOAD ./Drivers/STM32F1xx_HAL_Driver/Src/stm32f1xx_hal_gpio_ex.o
LOAD ./Drivers/STM32F1xx_HAL_Driver/Src/stm32f1xx_hal_pcd.o
LOAD ./Drivers/STM32F1xx_HAL_Driver/Src/stm32f1xx_hal_pcd_ex.o
LOAD ./Drivers/STM32F1xx_HAL_Driver/Src/stm32f1xx_hal_pwr.o
LOAD ./Drivers/STM32F1xx_HAL_Driver/Src/stm32f1xx_hal_rcc.o
LOAD ./Drivers/STM32F1xx_HAL_Driver/Src/stm32f1xx_hal_rcc_ex.o
LOAD ./Drivers/STM32F1xx_HAL_Driver/Src/stm32f1xx_hal_tim.o
LOAD ./Drivers/STM32F1xx_HAL_Driver/Src/stm32f1xx_hal_tim_ex.o
LOAD ./Drivers/STM32F1xx_HAL_Driver/Src/stm32f1xx_ll_usb.o
LOAD ./Middlewares/ST/STM32_USB_Device_Library/Class/CDC/Src/usbd_cdc.o
LOAD ./Middlewares/ST/STM32_USB_Device_Library/Core/Src/usbd_core.o
LOAD ./Middlewares/ST/STM32_USB_Device_Library/Core/Src/usbd_ctlreq.o
LOAD ./Middlewares/ST/STM32_USB_Device_Library/Core/Src/usbd_ioreq.o
LOAD ./USB_DEVICE/App/usb_device.o
LOAD ./USB_DEVICE/App/usbd_cdc_if.o
LOAD ./USB_DEVICE/App/usbd_desc.o
LOAD ./USB_DEVICE/Target/usbd_conf.o
LOAD ./os/os.o
LOAD ./os/os_alarms.o
LOAD ./os/os_ipc.o
LOAD ./os/os_sched_tbl.o
LOAD ./os/os_task.o
LOAD ./os/os_timers.o
LOAD ./os_cfg/os_alarms_cfg.o
LOAD ./os_cfg/os_sched_tbl_cfg.o
LOAD ./os_cfg/os_task_cfg.o
START GROUP
LOAD c:/st/stm32cubeide_1.11.0/stm32cubeide/plugins/com.st.stm32cube.ide.mcu.externaltools.gnu-tools-for-stm32.10.3-2021.10.win32_1.0.200.202301161003/tools/bin/../lib/gcc/arm-none-eabi/10.3.1/../../../../arm-none-eabi/lib/thumb/v7-m/nofp\libc_nano.a
LOAD c:/st/stm32cubeide_1.11.0/stm32cubeide/plugins/com.st.stm32cube.ide.mcu.externaltools.gnu-tools-for-stm32.10.3-2021.10.win32_1.0.200.202301161003/tools/bin/../lib/gcc/arm-none-eabi/10.3.1/../../../../arm-none-eabi/lib/thumb/v7-m/nofp\libm.a
END GROUP
START GROUP
LOAD c:/st/stm32cubeide_1.11.0/stm32cubeide/plugins/com.st.stm32cube.ide.mcu.externaltools.gnu-tools-for-stm32.10.3-2021.10.win32_1.0.200.202301161003/tools/bin/../lib/gcc/arm-none-eabi/10.3.1/thumb/v7-m/nofp\libgcc.a
LOAD c:/st/stm32cubeide_1.11.0/stm32cubeide/plugins/com.st.stm32cube.ide.mcu.externaltools.gnu-tools-for-stm32.10.3-2021.10.win32_1.0.200.202301161003/tools/bin/../lib/gcc/arm-none-eabi/10.3.1/../../../../arm-none-eabi/lib/thumb/v7-m/nofp\libc_nano.a
END GROUP
START GROUP
LOAD c:/st/stm32cubeide_1.11.0/stm32cubeide/plugins/com.st.stm32cube.ide.mcu.externaltools.gnu-tools-for-stm32.10.3-2021.10.win32_1.0.200.202301161003/tools/bin/../lib/gcc/arm-none-eabi/10.3.1/thumb/v7-m/nofp\libgcc.a
LOAD c:/st/stm32cubeide_1.11.0/stm32cubeide/plugins/com.st.stm32cube.ide.mcu.externaltools.gnu-tools-for-stm32.10.3-2021.10.win32_1.0.200.202301161003/tools/bin/../lib/gcc/arm-none-eabi/10.3.1/../../../../arm-none-eabi/lib/thumb/v7-m/nofp\libc_nano.a
LOAD c:/st/stm32cubeide_1.11.0/stm32cubeide/plugins/com.st.stm32cube.ide.mcu.externaltools.gnu-tools-for-stm32.10.3-2021.10.win32_1.0.200.202301161003/tools/bin/../lib/gcc/arm-none-eabi/10.3.1/../../../../arm-none-eabi/lib/thumb/v7-m/nofp\libnosys.a
END GROUP
START GROUP
LOAD c:/st/stm32cubeide_1.11.0/stm32cubeide/plugins/com.st.stm32cube.ide.mcu.externaltools.gnu-tools-for-stm32.10.3-2021.10.win32_1.0.200.202301161003/tools/bin/../lib/gcc/arm-none-eabi/10.3.1/thumb/v7-m/nofp\libgcc.a
LOAD c:/st/stm32cubeide_1.11.0/stm32cubeide/plugins/com.st.stm32cube.ide.mcu.externaltools.gnu-tools-for-stm32.10.3-2021.10.win32_1.0.200.202301161003/tools/bin/../lib/gcc/arm-none-eabi/10.3.1/../../../../arm-none-eabi/lib/thumb/v7-m/nofp\libc_nano.a
LOAD c:/st/stm32cubeide_1.11.0/stm32cubeide/plugins/com.st.stm32cube.ide.mcu.externaltools.gnu-tools-for-stm32.10.3-2021.10.win32_1.0.200.202301161003/tools/bin/../lib/gcc/arm-none-eabi/10.3.1/../../../../arm-none-eabi/lib/thumb/v7-m/nofp\libnosys.a
END GROUP
LOAD c:/st/stm32cubeide_1.11.0/stm32cubeide/plugins/com.st.stm32cube.ide.mcu.externaltools.gnu-tools-for-stm32.10.3-2021.10.win32_1.0.200.202301161003/tools/bin/../lib/gcc/arm-none-eabi/10.3.1/thumb/v7-m/nofp/crtend.o
LOAD c:/st/stm32cubeide_1.11.0/stm32cubeide/plugins/com.st.stm32cube.ide.mcu.externaltools.gnu-tools-for-stm32.10.3-2021.10.win32_1.0.200.202301161003/tools/bin/../lib/gcc/arm-none-eabi/10.3.1/thumb/v7-m/nofp/crtn.o
                0x0000000020005000                _estack = (ORIGIN (RAM) + LENGTH (RAM))
                0x0000000000000200                _Min_Heap_Size = 0x200
                0x0000000000000400                _Min_Stack_Size = 0x400

.isr_vector     0x0000000008000000      0x10c
                0x0000000008000000                . = ALIGN (0x4)
 *(.isr_vector)
 .isr_vector    0x0000000008000000      0x10c ./Core/Startup/startup_stm32f103c8tx.o
                0x0000000008000000                g_pfnVectors
                0x000000000800010c                . = ALIGN (0x4)

.text           0x000000000800010c     0x85f4
                0x000000000800010c                . = ALIGN (0x4)
 *(.text)
 .text          0x000000000800010c       0x40 c:/st/stm32cubeide_1.11.0/stm32cubeide/plugins/com.st.stm32cube.ide.mcu.externaltools.gnu-tools-for-stm32.10.3-2021.10.win32_1.0.200.202301161003/tools/bin/../lib/gcc/arm-none-eabi/10.3.1/thumb/v7-m/nofp/crtbegin.o
 .text          0x000000000800014c       0x10 c:/st/stm32cubeide_1.11.0/stm32cubeide/plugins/com.st.stm32cube.ide.mcu.externaltools.gnu-tools-for-stm32.10.3-2021.10.win32_1.0.200.202301161003/tools/bin/../lib/gcc/arm-none-eabi/10.3.1/../../../../arm-none-eabi/lib/thumb/v7-m/nofp\libc_nano.a(lib_a-strlen.o)
                0x000000000800014c                strlen
 *(.text*)
 .text.HAL_TIM_PeriodElapsedCallback
                0x000000000800015c       0x1e ./Core/Src/main.o
                0x000000000800015c                HAL_TIM_PeriodElapsedCallback
 *fill*         0x000000000800017a        0x2 
 .text.MyTask_1
                0x000000000800017c       0x50 ./Core/Src/main.o
                0x000000000800017c                MyTask_1
 .text.MyTask_2
                0x00000000080001cc       0x50 ./Core/Src/main.o
                0x00000000080001cc                MyTask_2
 .text.main     0x000000000800021c       0x28 ./Core/Src/main.o
                0x000000000800021c                main
 .text.SystemClock_Config
                0x0000000008000244       0xb4 ./Core/Src/main.o
                0x0000000008000244                SystemClock_Config
 .text.MX_TIM2_Init
                0x00000000080002f8       0x98 ./Core/Src/main.o
 .text.MX_GPIO_Init
                0x0000000008000390       0x98 ./Core/Src/main.o
 .text.Error_Handler
                0x0000000008000428        0xa ./Core/Src/main.o
                0x0000000008000428                Error_Handler
 *fill*         0x0000000008000432        0x2 
 .text.HAL_MspInit
                0x0000000008000434       0x64 ./Core/Src/stm32f1xx_hal_msp.o
                0x0000000008000434                HAL_MspInit
 .text.HAL_TIM_Base_MspInit
                0x0000000008000498       0x48 ./Core/Src/stm32f1xx_hal_msp.o
                0x0000000008000498                HAL_TIM_Base_MspInit
 .text.NMI_Handler
                0x00000000080004e0        0x6 ./Core/Src/stm32f1xx_it.o
                0x00000000080004e0                NMI_Handler
 .text.HardFault_Handler
                0x00000000080004e6        0x6 ./Core/Src/stm32f1xx_it.o
                0x00000000080004e6                HardFault_Handler
 .text.MemManage_Handler
                0x00000000080004ec        0x6 ./Core/Src/stm32f1xx_it.o
                0x00000000080004ec                MemManage_Handler
 .text.BusFault_Handler
                0x00000000080004f2        0x6 ./Core/Src/stm32f1xx_it.o
                0x00000000080004f2                BusFault_Handler
 .text.UsageFault_Handler
                0x00000000080004f8        0x6 ./Core/Src/stm32f1xx_it.o
                0x00000000080004f8                UsageFault_Handler
 .text.SVC_Handler
                0x00000000080004fe        0xc ./Core/Src/stm32f1xx_it.o
                0x00000000080004fe                SVC_Handler
 .text.DebugMon_Handler
                0x000000000800050a        0xc ./Core/Src/stm32f1xx_it.o
                0x000000000800050a                DebugMon_Handler
 .text.PendSV_Handler
                0x0000000008000516        0xc ./Core/Src/stm32f1xx_it.o
                0x0000000008000516                PendSV_Handler
 .text.SysTick_Handler
                0x0000000008000522        0xc ./Core/Src/stm32f1xx_it.o
                0x0000000008000522                SysTick_Handler
 *fill*         0x000000000800052e        0x2 
 .text.USB_LP_CAN1_RX0_IRQHandler
                0x0000000008000530       0x14 ./Core/Src/stm32f1xx_it.o
                0x0000000008000530                USB_LP_CAN1_RX0_IRQHandler
 .text.TIM2_IRQHandler
                0x0000000008000544       0x14 ./Core/Src/stm32f1xx_it.o
                0x0000000008000544                TIM2_IRQHandler
 .text.SystemInit
                0x0000000008000558        0xc ./Core/Src/system_stm32f1xx.o
                0x0000000008000558                SystemInit
 .text.Reset_Handler
                0x0000000008000564       0x48 ./Core/Startup/startup_stm32f103c8tx.o
                0x0000000008000564                Reset_Handler
 .text.Default_Handler
                0x00000000080005ac        0x2 ./Core/Startup/startup_stm32f103c8tx.o
                0x00000000080005ac                RTC_Alarm_IRQHandler
                0x00000000080005ac                EXTI2_IRQHandler
                0x00000000080005ac                TIM1_CC_IRQHandler
                0x00000000080005ac                PVD_IRQHandler
                0x00000000080005ac                EXTI3_IRQHandler
                0x00000000080005ac                EXTI0_IRQHandler
                0x00000000080005ac                I2C2_EV_IRQHandler
                0x00000000080005ac                ADC1_2_IRQHandler
                0x00000000080005ac                SPI1_IRQHandler
                0x00000000080005ac                TAMPER_IRQHandler
                0x00000000080005ac                DMA1_Channel4_IRQHandler
                0x00000000080005ac                USART3_IRQHandler
                0x00000000080005ac                RTC_IRQHandler
                0x00000000080005ac                DMA1_Channel7_IRQHandler
                0x00000000080005ac                CAN1_RX1_IRQHandler
                0x00000000080005ac                TIM4_IRQHandler
                0x00000000080005ac                I2C1_EV_IRQHandler
                0x00000000080005ac                DMA1_Channel6_IRQHandler
                0x00000000080005ac                TIM3_IRQHandler
                0x00000000080005ac                RCC_IRQHandler
                0x00000000080005ac                TIM1_TRG_COM_IRQHandler
                0x00000000080005ac                DMA1_Channel1_IRQHandler
                0x00000000080005ac                Default_Handler
                0x00000000080005ac                EXTI15_10_IRQHandler
                0x00000000080005ac                EXTI9_5_IRQHandler
                0x00000000080005ac                SPI2_IRQHandler
                0x00000000080005ac                DMA1_Channel5_IRQHandler
                0x00000000080005ac                EXTI4_IRQHandler
                0x00000000080005ac                USB_HP_CAN1_TX_IRQHandler
                0x00000000080005ac                DMA1_Channel3_IRQHandler
                0x00000000080005ac                TIM1_UP_IRQHandler
                0x00000000080005ac                WWDG_IRQHandler
                0x00000000080005ac                TIM1_BRK_IRQHandler
                0x00000000080005ac                EXTI1_IRQHandler
                0x00000000080005ac                USART2_IRQHandler
                0x00000000080005ac                I2C2_ER_IRQHandler
                0x00000000080005ac                DMA1_Channel2_IRQHandler
                0x00000000080005ac                CAN1_SCE_IRQHandler
                0x00000000080005ac                FLASH_IRQHandler
                0x00000000080005ac                USART1_IRQHandler
                0x00000000080005ac                I2C1_ER_IRQHandler
                0x00000000080005ac                USBWakeUp_IRQHandler
 *fill*         0x00000000080005ae        0x2 
 .text.HAL_Init
                0x00000000080005b0       0x2c ./Drivers/STM32F1xx_HAL_Driver/Src/stm32f1xx_hal.o
                0x00000000080005b0                HAL_Init
 .text.HAL_InitTick
                0x00000000080005dc       0x60 ./Drivers/STM32F1xx_HAL_Driver/Src/stm32f1xx_hal.o
                0x00000000080005dc                HAL_InitTick
 .text.HAL_IncTick
                0x000000000800063c       0x24 ./Drivers/STM32F1xx_HAL_Driver/Src/stm32f1xx_hal.o
                0x000000000800063c                HAL_IncTick
 .text.HAL_GetTick
                0x0000000008000660       0x14 ./Drivers/STM32F1xx_HAL_Driver/Src/stm32f1xx_hal.o
                0x0000000008000660                HAL_GetTick
 .text.HAL_Delay
                0x0000000008000674       0x48 ./Drivers/STM32F1xx_HAL_Driver/Src/stm32f1xx_hal.o
                0x0000000008000674                HAL_Delay
 .text.__NVIC_SetPriorityGrouping
                0x00000000080006bc       0x48 ./Drivers/STM32F1xx_HAL_Driver/Src/stm32f1xx_hal_cortex.o
 .text.__NVIC_GetPriorityGrouping
                0x0000000008000704       0x1c ./Drivers/STM32F1xx_HAL_Driver/Src/stm32f1xx_hal_cortex.o
 .text.__NVIC_EnableIRQ
                0x0000000008000720       0x38 ./Drivers/STM32F1xx_HAL_Driver/Src/stm32f1xx_hal_cortex.o
 .text.__NVIC_SetPriority
                0x0000000008000758       0x54 ./Drivers/STM32F1xx_HAL_Driver/Src/stm32f1xx_hal_cortex.o
 .text.NVIC_EncodePriority
                0x00000000080007ac       0x64 ./Drivers/STM32F1xx_HAL_Driver/Src/stm32f1xx_hal_cortex.o
 .text.SysTick_Config
                0x0000000008000810       0x44 ./Drivers/STM32F1xx_HAL_Driver/Src/stm32f1xx_hal_cortex.o
 .text.HAL_NVIC_SetPriorityGrouping
                0x0000000008000854       0x16 ./Drivers/STM32F1xx_HAL_Driver/Src/stm32f1xx_hal_cortex.o
                0x0000000008000854                HAL_NVIC_SetPriorityGrouping
 .text.HAL_NVIC_SetPriority
                0x000000000800086a       0x38 ./Drivers/STM32F1xx_HAL_Driver/Src/stm32f1xx_hal_cortex.o
                0x000000000800086a                HAL_NVIC_SetPriority
 .text.HAL_NVIC_EnableIRQ
                0x00000000080008a2       0x1c ./Drivers/STM32F1xx_HAL_Driver/Src/stm32f1xx_hal_cortex.o
                0x00000000080008a2                HAL_NVIC_EnableIRQ
 .text.HAL_SYSTICK_Config
                0x00000000080008be       0x18 ./Drivers/STM32F1xx_HAL_Driver/Src/stm32f1xx_hal_cortex.o
                0x00000000080008be                HAL_SYSTICK_Config
 *fill*         0x00000000080008d6        0x2 
 .text.HAL_GPIO_Init
                0x00000000080008d8      0x308 ./Drivers/STM32F1xx_HAL_Driver/Src/stm32f1xx_hal_gpio.o
                0x00000000080008d8                HAL_GPIO_Init
 .text.HAL_GPIO_WritePin
                0x0000000008000be0       0x30 ./Drivers/STM32F1xx_HAL_Driver/Src/stm32f1xx_hal_gpio.o
                0x0000000008000be0                HAL_GPIO_WritePin
 .text.HAL_GPIO_TogglePin
                0x0000000008000c10       0x32 ./Drivers/STM32F1xx_HAL_Driver/Src/stm32f1xx_hal_gpio.o
                0x0000000008000c10                HAL_GPIO_TogglePin
 .text.HAL_PCD_Init
                0x0000000008000c42      0x1ec ./Drivers/STM32F1xx_HAL_Driver/Src/stm32f1xx_hal_pcd.o
                0x0000000008000c42                HAL_PCD_Init
 .text.HAL_PCD_Start
                0x0000000008000e2e       0x4c ./Drivers/STM32F1xx_HAL_Driver/Src/stm32f1xx_hal_pcd.o
                0x0000000008000e2e                HAL_PCD_Start
 .text.HAL_PCD_IRQHandler
                0x0000000008000e7a      0x260 ./Drivers/STM32F1xx_HAL_Driver/Src/stm32f1xx_hal_pcd.o
                0x0000000008000e7a                HAL_PCD_IRQHandler
 .text.HAL_PCD_SetAddress
                0x00000000080010da       0x48 ./Drivers/STM32F1xx_HAL_Driver/Src/stm32f1xx_hal_pcd.o
                0x00000000080010da                HAL_PCD_SetAddress
 .text.HAL_PCD_EP_Open
                0x0000000008001122       0xba ./Drivers/STM32F1xx_HAL_Driver/Src/stm32f1xx_hal_pcd.o
                0x0000000008001122                HAL_PCD_EP_Open
 .text.HAL_PCD_EP_Close
                0x00000000080011dc       0x90 ./Drivers/STM32F1xx_HAL_Driver/Src/stm32f1xx_hal_pcd.o
                0x00000000080011dc                HAL_PCD_EP_Close
 .text.HAL_PCD_EP_Receive
                0x000000000800126c       0x62 ./Drivers/STM32F1xx_HAL_Driver/Src/stm32f1xx_hal_pcd.o
                0x000000000800126c                HAL_PCD_EP_Receive
 .text.HAL_PCD_EP_GetRxCount
                0x00000000080012ce       0x2e ./Drivers/STM32F1xx_HAL_Driver/Src/stm32f1xx_hal_pcd.o
                0x00000000080012ce                HAL_PCD_EP_GetRxCount
 .text.HAL_PCD_EP_Transmit
                0x00000000080012fc       0x6e ./Drivers/STM32F1xx_HAL_Driver/Src/stm32f1xx_hal_pcd.o
                0x00000000080012fc                HAL_PCD_EP_Transmit
 .text.HAL_PCD_EP_SetStall
                0x000000000800136a       0xc0 ./Drivers/STM32F1xx_HAL_Driver/Src/stm32f1xx_hal_pcd.o
                0x000000000800136a                HAL_PCD_EP_SetStall
 .text.HAL_PCD_EP_ClrStall
                0x000000000800142a       0xa8 ./Drivers/STM32F1xx_HAL_Driver/Src/stm32f1xx_hal_pcd.o
                0x000000000800142a                HAL_PCD_EP_ClrStall
 .text.PCD_EP_ISR_Handler
                0x00000000080014d2      0x7a0 ./Drivers/STM32F1xx_HAL_Driver/Src/stm32f1xx_hal_pcd.o
 .text.HAL_PCD_EP_DB_Receive
                0x0000000008001c72      0x21a ./Drivers/STM32F1xx_HAL_Driver/Src/stm32f1xx_hal_pcd.o
 .text.HAL_PCD_EP_DB_Transmit
                0x0000000008001e8c      0x7f4 ./Drivers/STM32F1xx_HAL_Driver/Src/stm32f1xx_hal_pcd.o
 .text.HAL_PCDEx_PMAConfig
                0x0000000008002680       0x84 ./Drivers/STM32F1xx_HAL_Driver/Src/stm32f1xx_hal_pcd_ex.o
                0x0000000008002680                HAL_PCDEx_PMAConfig
 .text.HAL_RCC_OscConfig
                0x0000000008002704      0x504 ./Drivers/STM32F1xx_HAL_Driver/Src/stm32f1xx_hal_rcc.o
                0x0000000008002704                HAL_RCC_OscConfig
 .text.HAL_RCC_ClockConfig
                0x0000000008002c08      0x1d4 ./Drivers/STM32F1xx_HAL_Driver/Src/stm32f1xx_hal_rcc.o
                0x0000000008002c08                HAL_RCC_ClockConfig
 .text.HAL_RCC_GetSysClockFreq
                0x0000000008002ddc       0xa8 ./Drivers/STM32F1xx_HAL_Driver/Src/stm32f1xx_hal_rcc.o
                0x0000000008002ddc                HAL_RCC_GetSysClockFreq
 .text.RCC_Delay
                0x0000000008002e84       0x3c ./Drivers/STM32F1xx_HAL_Driver/Src/stm32f1xx_hal_rcc.o
 .text.HAL_RCCEx_PeriphCLKConfig
                0x0000000008002ec0      0x16c ./Drivers/STM32F1xx_HAL_Driver/Src/stm32f1xx_hal_rcc_ex.o
                0x0000000008002ec0                HAL_RCCEx_PeriphCLKConfig
 .text.HAL_TIM_Base_Init
                0x000000000800302c       0x9e ./Drivers/STM32F1xx_HAL_Driver/Src/stm32f1xx_hal_tim.o
                0x000000000800302c                HAL_TIM_Base_Init
 *fill*         0x00000000080030ca        0x2 
 .text.HAL_TIM_Base_Start_IT
                0x00000000080030cc       0xa4 ./Drivers/STM32F1xx_HAL_Driver/Src/stm32f1xx_hal_tim.o
                0x00000000080030cc                HAL_TIM_Base_Start_IT
 .text.HAL_TIM_IRQHandler
                0x0000000008003170      0x1e0 ./Drivers/STM32F1xx_HAL_Driver/Src/stm32f1xx_hal_tim.o
                0x0000000008003170                HAL_TIM_IRQHandler
 .text.HAL_TIM_ConfigClockSource
                0x0000000008003350      0x18e ./Drivers/STM32F1xx_HAL_Driver/Src/stm32f1xx_hal_tim.o
                0x0000000008003350                HAL_TIM_ConfigClockSource
 .text.HAL_TIM_OC_DelayElapsedCallback
                0x00000000080034de       0x12 ./Drivers/STM32F1xx_HAL_Driver/Src/stm32f1xx_hal_tim.o
                0x00000000080034de                HAL_TIM_OC_DelayElapsedCallback
 .text.HAL_TIM_IC_CaptureCallback
                0x00000000080034f0       0x12 ./Drivers/STM32F1xx_HAL_Driver/Src/stm32f1xx_hal_tim.o
                0x00000000080034f0                HAL_TIM_IC_CaptureCallback
 .text.HAL_TIM_PWM_PulseFinishedCallback
                0x0000000008003502       0x12 ./Drivers/STM32F1xx_HAL_Driver/Src/stm32f1xx_hal_tim.o
                0x0000000008003502                HAL_TIM_PWM_PulseFinishedCallback
 .text.HAL_TIM_TriggerCallback
                0x0000000008003514       0x12 ./Drivers/STM32F1xx_HAL_Driver/Src/stm32f1xx_hal_tim.o
                0x0000000008003514                HAL_TIM_TriggerCallback
 *fill*         0x0000000008003526        0x2 
 .text.TIM_Base_SetConfig
                0x0000000008003528       0xdc ./Drivers/STM32F1xx_HAL_Driver/Src/stm32f1xx_hal_tim.o
                0x0000000008003528                TIM_Base_SetConfig
 .text.TIM_TI1_ConfigInputStage
                0x0000000008003604       0x5c ./Drivers/STM32F1xx_HAL_Driver/Src/stm32f1xx_hal_tim.o
 .text.TIM_TI2_ConfigInputStage
                0x0000000008003660       0x5e ./Drivers/STM32F1xx_HAL_Driver/Src/stm32f1xx_hal_tim.o
 .text.TIM_ITRx_SetConfig
                0x00000000080036be       0x34 ./Drivers/STM32F1xx_HAL_Driver/Src/stm32f1xx_hal_tim.o
 .text.TIM_ETR_SetConfig
                0x00000000080036f2       0x3e ./Drivers/STM32F1xx_HAL_Driver/Src/stm32f1xx_hal_tim.o
                0x00000000080036f2                TIM_ETR_SetConfig
 .text.HAL_TIMEx_MasterConfigSynchronization
                0x0000000008003730       0xbc ./Drivers/STM32F1xx_HAL_Driver/Src/stm32f1xx_hal_tim_ex.o
                0x0000000008003730                HAL_TIMEx_MasterConfigSynchronization
 .text.HAL_TIMEx_CommutCallback
                0x00000000080037ec       0x12 ./Drivers/STM32F1xx_HAL_Driver/Src/stm32f1xx_hal_tim_ex.o
                0x00000000080037ec                HAL_TIMEx_CommutCallback
 .text.HAL_TIMEx_BreakCallback
                0x00000000080037fe       0x12 ./Drivers/STM32F1xx_HAL_Driver/Src/stm32f1xx_hal_tim_ex.o
                0x00000000080037fe                HAL_TIMEx_BreakCallback
 .text.USB_CoreInit
                0x0000000008003810       0x1a ./Drivers/STM32F1xx_HAL_Driver/Src/stm32f1xx_ll_usb.o
                0x0000000008003810                USB_CoreInit
 .text.USB_EnableGlobalInt
                0x000000000800382a       0x2c ./Drivers/STM32F1xx_HAL_Driver/Src/stm32f1xx_ll_usb.o
                0x000000000800382a                USB_EnableGlobalInt
 .text.USB_DisableGlobalInt
                0x0000000008003856       0x34 ./Drivers/STM32F1xx_HAL_Driver/Src/stm32f1xx_ll_usb.o
                0x0000000008003856                USB_DisableGlobalInt
 .text.USB_SetCurrentMode
                0x000000000800388a       0x18 ./Drivers/STM32F1xx_HAL_Driver/Src/stm32f1xx_ll_usb.o
                0x000000000800388a                USB_SetCurrentMode
 .text.USB_DevInit
                0x00000000080038a2       0x3a ./Drivers/STM32F1xx_HAL_Driver/Src/stm32f1xx_ll_usb.o
                0x00000000080038a2                USB_DevInit
 .text.USB_ActivateEndpoint
                0x00000000080038dc      0x780 ./Drivers/STM32F1xx_HAL_Driver/Src/stm32f1xx_ll_usb.o
                0x00000000080038dc                USB_ActivateEndpoint
 .text.USB_DeactivateEndpoint
                0x000000000800405c      0x3d8 ./Drivers/STM32F1xx_HAL_Driver/Src/stm32f1xx_ll_usb.o
                0x000000000800405c                USB_DeactivateEndpoint
 .text.USB_EPStartXfer
                0x0000000008004434     0x1762 ./Drivers/STM32F1xx_HAL_Driver/Src/stm32f1xx_ll_usb.o
                0x0000000008004434                USB_EPStartXfer
 .text.USB_EPSetStall
                0x0000000008005b96       0xa0 ./Drivers/STM32F1xx_HAL_Driver/Src/stm32f1xx_ll_usb.o
                0x0000000008005b96                USB_EPSetStall
 .text.USB_EPClearStall
                0x0000000008005c36      0x15a ./Drivers/STM32F1xx_HAL_Driver/Src/stm32f1xx_ll_usb.o
                0x0000000008005c36                USB_EPClearStall
 .text.USB_SetDevAddress
                0x0000000008005d90       0x26 ./Drivers/STM32F1xx_HAL_Driver/Src/stm32f1xx_ll_usb.o
                0x0000000008005d90                USB_SetDevAddress
 .text.USB_DevConnect
                0x0000000008005db6       0x14 ./Drivers/STM32F1xx_HAL_Driver/Src/stm32f1xx_ll_usb.o
                0x0000000008005db6                USB_DevConnect
 .text.USB_DevDisconnect
                0x0000000008005dca       0x14 ./Drivers/STM32F1xx_HAL_Driver/Src/stm32f1xx_ll_usb.o
                0x0000000008005dca                USB_DevDisconnect
 .text.USB_ReadInterrupts
                0x0000000008005dde       0x1e ./Drivers/STM32F1xx_HAL_Driver/Src/stm32f1xx_ll_usb.o
                0x0000000008005dde                USB_ReadInterrupts
 .text.USB_EP0_OutStart
                0x0000000008005dfc       0x16 ./Drivers/STM32F1xx_HAL_Driver/Src/stm32f1xx_ll_usb.o
                0x0000000008005dfc                USB_EP0_OutStart
 .text.USB_WritePMA
                0x0000000008005e12       0x8a ./Drivers/STM32F1xx_HAL_Driver/Src/stm32f1xx_ll_usb.o
                0x0000000008005e12                USB_WritePMA
 .text.USB_ReadPMA
                0x0000000008005e9c       0x9e ./Drivers/STM32F1xx_HAL_Driver/Src/stm32f1xx_ll_usb.o
                0x0000000008005e9c                USB_ReadPMA
 .text.USBD_CDC_Init
                0x0000000008005f3a       0xf4 ./Middlewares/ST/STM32_USB_Device_Library/Class/CDC/Src/usbd_cdc.o
 .text.USBD_CDC_DeInit
                0x000000000800602e       0x6e ./Middlewares/ST/STM32_USB_Device_Library/Class/CDC/Src/usbd_cdc.o
 .text.USBD_CDC_Setup
                0x000000000800609c      0x146 ./Middlewares/ST/STM32_USB_Device_Library/Class/CDC/Src/usbd_cdc.o
 .text.USBD_CDC_DataIn
                0x00000000080061e2       0xa6 ./Middlewares/ST/STM32_USB_Device_Library/Class/CDC/Src/usbd_cdc.o
 .text.USBD_CDC_DataOut
                0x0000000008006288       0x56 ./Middlewares/ST/STM32_USB_Device_Library/Class/CDC/Src/usbd_cdc.o
 .text.USBD_CDC_EP0_RxReady
                0x00000000080062de       0x50 ./Middlewares/ST/STM32_USB_Device_Library/Class/CDC/Src/usbd_cdc.o
 *fill*         0x000000000800632e        0x2 
 .text.USBD_CDC_GetFSCfgDesc
                0x0000000008006330       0x20 ./Middlewares/ST/STM32_USB_Device_Library/Class/CDC/Src/usbd_cdc.o
 .text.USBD_CDC_GetHSCfgDesc
                0x0000000008006350       0x20 ./Middlewares/ST/STM32_USB_Device_Library/Class/CDC/Src/usbd_cdc.o
 .text.USBD_CDC_GetOtherSpeedCfgDesc
                0x0000000008006370       0x20 ./Middlewares/ST/STM32_USB_Device_Library/Class/CDC/Src/usbd_cdc.o
 .text.USBD_CDC_GetDeviceQualifierDescriptor
                0x0000000008006390       0x20 ./Middlewares/ST/STM32_USB_Device_Library/Class/CDC/Src/usbd_cdc.o
                0x0000000008006390                USBD_CDC_GetDeviceQualifierDescriptor
 .text.USBD_CDC_RegisterInterface
                0x00000000080063b0       0x2c ./Middlewares/ST/STM32_USB_Device_Library/Class/CDC/Src/usbd_cdc.o
                0x00000000080063b0                USBD_CDC_RegisterInterface
 .text.USBD_CDC_SetTxBuffer
                0x00000000080063dc       0x32 ./Middlewares/ST/STM32_USB_Device_Library/Class/CDC/Src/usbd_cdc.o
                0x00000000080063dc                USBD_CDC_SetTxBuffer
 .text.USBD_CDC_SetRxBuffer
                0x000000000800640e       0x26 ./Middlewares/ST/STM32_USB_Device_Library/Class/CDC/Src/usbd_cdc.o
                0x000000000800640e                USBD_CDC_SetRxBuffer
 .text.USBD_CDC_TransmitPacket
                0x0000000008006434       0x5e ./Middlewares/ST/STM32_USB_Device_Library/Class/CDC/Src/usbd_cdc.o
                0x0000000008006434                USBD_CDC_TransmitPacket
 .text.USBD_CDC_ReceivePacket
                0x0000000008006492       0x54 ./Middlewares/ST/STM32_USB_Device_Library/Class/CDC/Src/usbd_cdc.o
                0x0000000008006492                USBD_CDC_ReceivePacket
 .text.USBD_Init
                0x00000000080064e6       0x56 ./Middlewares/ST/STM32_USB_Device_Library/Core/Src/usbd_core.o
                0x00000000080064e6                USBD_Init
 .text.USBD_RegisterClass
                0x000000000800653c       0x32 ./Middlewares/ST/STM32_USB_Device_Library/Core/Src/usbd_core.o
                0x000000000800653c                USBD_RegisterClass
 .text.USBD_Start
                0x000000000800656e       0x18 ./Middlewares/ST/STM32_USB_Device_Library/Core/Src/usbd_core.o
                0x000000000800656e                USBD_Start
 .text.USBD_RunTestMode
                0x0000000008006586       0x14 ./Middlewares/ST/STM32_USB_Device_Library/Core/Src/usbd_core.o
                0x0000000008006586                USBD_RunTestMode
 .text.USBD_SetClassConfig
                0x000000000800659a       0x3e ./Middlewares/ST/STM32_USB_Device_Library/Core/Src/usbd_core.o
                0x000000000800659a                USBD_SetClassConfig
 .text.USBD_ClrClassConfig
                0x00000000080065d8       0x26 ./Middlewares/ST/STM32_USB_Device_Library/Core/Src/usbd_core.o
                0x00000000080065d8                USBD_ClrClassConfig
 .text.USBD_LL_SetupStage
                0x00000000080065fe       0x9a ./Middlewares/ST/STM32_USB_Device_Library/Core/Src/usbd_core.o
                0x00000000080065fe                USBD_LL_SetupStage
 .text.USBD_LL_DataOutStage
                0x0000000008006698       0xe2 ./Middlewares/ST/STM32_USB_Device_Library/Core/Src/usbd_core.o
                0x0000000008006698                USBD_LL_DataOutStage
 .text.USBD_LL_DataInStage
                0x000000000800677a      0x14a ./Middlewares/ST/STM32_USB_Device_Library/Core/Src/usbd_core.o
                0x000000000800677a                USBD_LL_DataInStage
 .text.USBD_LL_Reset
                0x00000000080068c4       0x82 ./Middlewares/ST/STM32_USB_Device_Library/Core/Src/usbd_core.o
                0x00000000080068c4                USBD_LL_Reset
 .text.USBD_LL_SetSpeed
                0x0000000008006946       0x1e ./Middlewares/ST/STM32_USB_Device_Library/Core/Src/usbd_core.o
                0x0000000008006946                USBD_LL_SetSpeed
 .text.USBD_LL_Suspend
                0x0000000008006964       0x28 ./Middlewares/ST/STM32_USB_Device_Library/Core/Src/usbd_core.o
                0x0000000008006964                USBD_LL_Suspend
 .text.USBD_LL_Resume
                0x000000000800698c       0x2a ./Middlewares/ST/STM32_USB_Device_Library/Core/Src/usbd_core.o
                0x000000000800698c                USBD_LL_Resume
 .text.USBD_LL_SOF
                0x00000000080069b6       0x34 ./Middlewares/ST/STM32_USB_Device_Library/Core/Src/usbd_core.o
                0x00000000080069b6                USBD_LL_SOF
 *fill*         0x00000000080069ea        0x2 
 .text.USBD_StdDevReq
                0x00000000080069ec       0xd4 ./Middlewares/ST/STM32_USB_Device_Library/Core/Src/usbd_ctlreq.o
                0x00000000080069ec                USBD_StdDevReq
 .text.USBD_StdItfReq
                0x0000000008006ac0       0x90 ./Middlewares/ST/STM32_USB_Device_Library/Core/Src/usbd_ctlreq.o
                0x0000000008006ac0                USBD_StdItfReq
 .text.USBD_StdEPReq
                0x0000000008006b50      0x2c6 ./Middlewares/ST/STM32_USB_Device_Library/Core/Src/usbd_ctlreq.o
                0x0000000008006b50                USBD_StdEPReq
 *fill*         0x0000000008006e16        0x2 
 .text.USBD_GetDescriptor
                0x0000000008006e18      0x2d0 ./Middlewares/ST/STM32_USB_Device_Library/Core/Src/usbd_ctlreq.o
 .text.USBD_SetAddress
                0x00000000080070e8       0x86 ./Middlewares/ST/STM32_USB_Device_Library/Core/Src/usbd_ctlreq.o
 *fill*         0x000000000800716e        0x2 
 .text.USBD_SetConfig
                0x0000000008007170      0x11c ./Middlewares/ST/STM32_USB_Device_Library/Core/Src/usbd_ctlreq.o
 .text.USBD_GetConfig
                0x000000000800728c       0x6a ./Middlewares/ST/STM32_USB_Device_Library/Core/Src/usbd_ctlreq.o
 .text.USBD_GetStatus
                0x00000000080072f6       0x66 ./Middlewares/ST/STM32_USB_Device_Library/Core/Src/usbd_ctlreq.o
 .text.USBD_SetFeature
                0x000000000800735c       0x28 ./Middlewares/ST/STM32_USB_Device_Library/Core/Src/usbd_ctlreq.o
 .text.USBD_ClrFeature
                0x0000000008007384       0x42 ./Middlewares/ST/STM32_USB_Device_Library/Core/Src/usbd_ctlreq.o
 .text.USBD_ParseSetupRequest
                0x00000000080073c6       0x78 ./Middlewares/ST/STM32_USB_Device_Library/Core/Src/usbd_ctlreq.o
                0x00000000080073c6                USBD_ParseSetupRequest
 .text.USBD_CtlError
                0x000000000800743e       0x22 ./Middlewares/ST/STM32_USB_Device_Library/Core/Src/usbd_ctlreq.o
                0x000000000800743e                USBD_CtlError
 .text.USBD_GetString
                0x0000000008007460       0x84 ./Middlewares/ST/STM32_USB_Device_Library/Core/Src/usbd_ctlreq.o
                0x0000000008007460                USBD_GetString
 .text.USBD_GetLen
                0x00000000080074e4       0x2e ./Middlewares/ST/STM32_USB_Device_Library/Core/Src/usbd_ctlreq.o
 .text.USBD_CtlSendData
                0x0000000008007512       0x38 ./Middlewares/ST/STM32_USB_Device_Library/Core/Src/usbd_ioreq.o
                0x0000000008007512                USBD_CtlSendData
 .text.USBD_CtlContinueSendData
                0x000000000800754a       0x24 ./Middlewares/ST/STM32_USB_Device_Library/Core/Src/usbd_ioreq.o
                0x000000000800754a                USBD_CtlContinueSendData
 .text.USBD_CtlPrepareRx
                0x000000000800756e       0x3c ./Middlewares/ST/STM32_USB_Device_Library/Core/Src/usbd_ioreq.o
                0x000000000800756e                USBD_CtlPrepareRx
 .text.USBD_CtlContinueRx
                0x00000000080075aa       0x24 ./Middlewares/ST/STM32_USB_Device_Library/Core/Src/usbd_ioreq.o
                0x00000000080075aa                USBD_CtlContinueRx
 .text.USBD_CtlSendStatus
                0x00000000080075ce       0x26 ./Middlewares/ST/STM32_USB_Device_Library/Core/Src/usbd_ioreq.o
                0x00000000080075ce                USBD_CtlSendStatus
 .text.USBD_CtlReceiveStatus
                0x00000000080075f4       0x26 ./Middlewares/ST/STM32_USB_Device_Library/Core/Src/usbd_ioreq.o
                0x00000000080075f4                USBD_CtlReceiveStatus
 *fill*         0x000000000800761a        0x2 
 .text.MX_USB_DEVICE_Init
                0x000000000800761c       0x60 ./USB_DEVICE/App/usb_device.o
                0x000000000800761c                MX_USB_DEVICE_Init
 .text.CDC_Init_FS
                0x000000000800767c       0x28 ./USB_DEVICE/App/usbd_cdc_if.o
 .text.CDC_DeInit_FS
                0x00000000080076a4        0xe ./USB_DEVICE/App/usbd_cdc_if.o
 *fill*         0x00000000080076b2        0x2 
 .text.CDC_Control_FS
                0x00000000080076b4       0xbc ./USB_DEVICE/App/usbd_cdc_if.o
 .text.CDC_Receive_FS
                0x0000000008007770       0x28 ./USB_DEVICE/App/usbd_cdc_if.o
 .text.CDC_Transmit_FS
                0x0000000008007798       0x4c ./USB_DEVICE/App/usbd_cdc_if.o
                0x0000000008007798                CDC_Transmit_FS
 .text.USBD_FS_DeviceDescriptor
                0x00000000080077e4       0x24 ./USB_DEVICE/App/usbd_desc.o
                0x00000000080077e4                USBD_FS_DeviceDescriptor
 .text.USBD_FS_LangIDStrDescriptor
                0x0000000008007808       0x24 ./USB_DEVICE/App/usbd_desc.o
                0x0000000008007808                USBD_FS_LangIDStrDescriptor
 .text.USBD_FS_ProductStrDescriptor
                0x000000000800782c       0x3c ./USB_DEVICE/App/usbd_desc.o
                0x000000000800782c                USBD_FS_ProductStrDescriptor
 .text.USBD_FS_ManufacturerStrDescriptor
                0x0000000008007868       0x28 ./USB_DEVICE/App/usbd_desc.o
                0x0000000008007868                USBD_FS_ManufacturerStrDescriptor
 .text.USBD_FS_SerialStrDescriptor
                0x0000000008007890       0x24 ./USB_DEVICE/App/usbd_desc.o
                0x0000000008007890                USBD_FS_SerialStrDescriptor
 .text.USBD_FS_ConfigStrDescriptor
                0x00000000080078b4       0x3c ./USB_DEVICE/App/usbd_desc.o
                0x00000000080078b4                USBD_FS_ConfigStrDescriptor
 .text.USBD_FS_InterfaceStrDescriptor
                0x00000000080078f0       0x3c ./USB_DEVICE/App/usbd_desc.o
                0x00000000080078f0                USBD_FS_InterfaceStrDescriptor
 .text.Get_SerialNum
                0x000000000800792c       0x58 ./USB_DEVICE/App/usbd_desc.o
 .text.IntToUnicode
                0x0000000008007984       0x7c ./USB_DEVICE/App/usbd_desc.o
 .text.HAL_PCD_MspInit
                0x0000000008007a00       0x4c ./USB_DEVICE/Target/usbd_conf.o
                0x0000000008007a00                HAL_PCD_MspInit
 .text.HAL_PCD_SetupStageCallback
                0x0000000008007a4c       0x24 ./USB_DEVICE/Target/usbd_conf.o
                0x0000000008007a4c                HAL_PCD_SetupStageCallback
 .text.HAL_PCD_DataOutStageCallback
                0x0000000008007a70       0x36 ./USB_DEVICE/Target/usbd_conf.o
                0x0000000008007a70                HAL_PCD_DataOutStageCallback
 .text.HAL_PCD_DataInStageCallback
                0x0000000008007aa6       0x34 ./USB_DEVICE/Target/usbd_conf.o
                0x0000000008007aa6                HAL_PCD_DataInStageCallback
 .text.HAL_PCD_SOFCallback
                0x0000000008007ada       0x1c ./USB_DEVICE/Target/usbd_conf.o
                0x0000000008007ada                HAL_PCD_SOFCallback
 .text.HAL_PCD_ResetCallback
                0x0000000008007af6       0x3c ./USB_DEVICE/Target/usbd_conf.o
                0x0000000008007af6                HAL_PCD_ResetCallback
 *fill*         0x0000000008007b32        0x2 
 .text.HAL_PCD_SuspendCallback
                0x0000000008007b34       0x34 ./USB_DEVICE/Target/usbd_conf.o
                0x0000000008007b34                HAL_PCD_SuspendCallback
 .text.HAL_PCD_ResumeCallback
                0x0000000008007b68       0x1c ./USB_DEVICE/Target/usbd_conf.o
                0x0000000008007b68                HAL_PCD_ResumeCallback
 .text.USBD_LL_Init
                0x0000000008007b84       0xb4 ./USB_DEVICE/Target/usbd_conf.o
                0x0000000008007b84                USBD_LL_Init
 .text.USBD_LL_Start
                0x0000000008007c38       0x36 ./USB_DEVICE/Target/usbd_conf.o
                0x0000000008007c38                USBD_LL_Start
 .text.USBD_LL_OpenEP
                0x0000000008007c6e       0x4c ./USB_DEVICE/Target/usbd_conf.o
                0x0000000008007c6e                USBD_LL_OpenEP
 .text.USBD_LL_CloseEP
                0x0000000008007cba       0x3e ./USB_DEVICE/Target/usbd_conf.o
                0x0000000008007cba                USBD_LL_CloseEP
 .text.USBD_LL_StallEP
                0x0000000008007cf8       0x3e ./USB_DEVICE/Target/usbd_conf.o
                0x0000000008007cf8                USBD_LL_StallEP
 .text.USBD_LL_ClearStallEP
                0x0000000008007d36       0x3e ./USB_DEVICE/Target/usbd_conf.o
                0x0000000008007d36                USBD_LL_ClearStallEP
 .text.USBD_LL_IsStallEP
                0x0000000008007d74       0x56 ./USB_DEVICE/Target/usbd_conf.o
                0x0000000008007d74                USBD_LL_IsStallEP
 .text.USBD_LL_SetUSBAddress
                0x0000000008007dca       0x3e ./USB_DEVICE/Target/usbd_conf.o
                0x0000000008007dca                USBD_LL_SetUSBAddress
 .text.USBD_LL_Transmit
                0x0000000008007e08       0x46 ./USB_DEVICE/Target/usbd_conf.o
                0x0000000008007e08                USBD_LL_Transmit
 .text.USBD_LL_PrepareReceive
                0x0000000008007e4e       0x46 ./USB_DEVICE/Target/usbd_conf.o
                0x0000000008007e4e                USBD_LL_PrepareReceive
 .text.USBD_LL_GetRxDataSize
                0x0000000008007e94       0x26 ./USB_DEVICE/Target/usbd_conf.o
                0x0000000008007e94                USBD_LL_GetRxDataSize
 *fill*         0x0000000008007eba        0x2 
 .text.USBD_static_malloc
                0x0000000008007ebc       0x18 ./USB_DEVICE/Target/usbd_conf.o
                0x0000000008007ebc                USBD_static_malloc
 .text.USBD_static_free
                0x0000000008007ed4       0x12 ./USB_DEVICE/Target/usbd_conf.o
                0x0000000008007ed4                USBD_static_free
 .text.HAL_PCDEx_SetConnectionState
                0x0000000008007ee6       0x16 ./USB_DEVICE/Target/usbd_conf.o
                0x0000000008007ee6                HAL_PCDEx_SetConnectionState
 .text.USBD_Get_USB_Status
                0x0000000008007efc       0x58 ./USB_DEVICE/Target/usbd_conf.o
 .text.UpdateSchFlag
                0x0000000008007f54       0x38 ./os/os.o
                0x0000000008007f54                UpdateSchFlag
 .text.UpdateOsCounters
                0x0000000008007f8c       0x1c ./os/os.o
                0x0000000008007f8c                UpdateOsCounters
 .text.OsDispatch
                0x0000000008007fa8       0x54 ./os/os.o
                0x0000000008007fa8                OsDispatch
 .text.SetOsState
                0x0000000008007ffc       0x20 ./os/os.o
                0x0000000008007ffc                SetOsState
 .text.ActivateAutoStartedTasks
                0x000000000800801c       0x3c ./os/os.o
                0x000000000800801c                ActivateAutoStartedTasks
 .text.OsInit   0x0000000008008058       0x34 ./os/os.o
                0x0000000008008058                OsInit
 .text.OsSchedule
                0x000000000800808c       0x88 ./os/os.o
                0x000000000800808c                OsSchedule
 .text.Os_Start
                0x0000000008008114       0x2c ./os/os.o
                0x0000000008008114                Os_Start
 .text.Os_Tick  0x0000000008008140       0x18 ./os/os.o
                0x0000000008008140                Os_Tick
 .text.Os_SortReadyQueue
                0x0000000008008158       0xd0 ./os/os.o
                0x0000000008008158                Os_SortReadyQueue
 .text.Os_UpdateAlarms
                0x0000000008008228       0x20 ./os/os_alarms.o
                0x0000000008008228                Os_UpdateAlarms
 .text.Os_InitEvtQueue
                0x0000000008008248       0x48 ./os/os_ipc.o
                0x0000000008008248                Os_InitEvtQueue
 .text.Os_IsEvtQueueEmpty
                0x0000000008008290       0x26 ./os/os_ipc.o
                0x0000000008008290                Os_IsEvtQueueEmpty
 .text.Os_IsEvtQueueFull
                0x00000000080082b6       0x2a ./os/os_ipc.o
                0x00000000080082b6                Os_IsEvtQueueFull
 .text.Os_GetQueueItemCount
                0x00000000080082e0       0x1c ./os/os_ipc.o
                0x00000000080082e0                Os_GetQueueItemCount
 .text.Os_QueueInsert
                0x00000000080082fc       0x8a ./os/os_ipc.o
                0x00000000080082fc                Os_QueueInsert
 .text.Os_QueueExtractAndShift
                0x0000000008008386       0xa0 ./os/os_ipc.o
                0x0000000008008386                Os_QueueExtractAndShift
 *fill*         0x0000000008008426        0x2 
 .text.Os_UpdateSchedTable
                0x0000000008008428      0x124 ./os/os_sched_tbl.o
                0x0000000008008428                Os_UpdateSchedTable
 .text.Os_ActivateTask
                0x000000000800854c       0xcc ./os/os_task.o
                0x000000000800854c                Os_ActivateTask
 .text.Os_TerminateTask
                0x0000000008008618       0x5c ./os/os_task.o
                0x0000000008008618                Os_TerminateTask
 .text.__libc_init_array
                0x0000000008008674       0x48 c:/st/stm32cubeide_1.11.0/stm32cubeide/plugins/com.st.stm32cube.ide.mcu.externaltools.gnu-tools-for-stm32.10.3-2021.10.win32_1.0.200.202301161003/tools/bin/../lib/gcc/arm-none-eabi/10.3.1/../../../../arm-none-eabi/lib/thumb/v7-m/nofp\libc_nano.a(lib_a-init.o)
                0x0000000008008674                __libc_init_array
 .text.memcpy   0x00000000080086bc       0x1c c:/st/stm32cubeide_1.11.0/stm32cubeide/plugins/com.st.stm32cube.ide.mcu.externaltools.gnu-tools-for-stm32.10.3-2021.10.win32_1.0.200.202301161003/tools/bin/../lib/gcc/arm-none-eabi/10.3.1/../../../../arm-none-eabi/lib/thumb/v7-m/nofp\libc_nano.a(lib_a-memcpy-stub.o)
                0x00000000080086bc                memcpy
 .text.memset   0x00000000080086d8       0x10 c:/st/stm32cubeide_1.11.0/stm32cubeide/plugins/com.st.stm32cube.ide.mcu.externaltools.gnu-tools-for-stm32.10.3-2021.10.win32_1.0.200.202301161003/tools/bin/../lib/gcc/arm-none-eabi/10.3.1/../../../../arm-none-eabi/lib/thumb/v7-m/nofp\libc_nano.a(lib_a-memset.o)
                0x00000000080086d8                memset
 *(.glue_7)
 .glue_7        0x00000000080086e8        0x0 linker stubs
 *(.glue_7t)
 .glue_7t       0x00000000080086e8        0x0 linker stubs
 *(.eh_frame)
 .eh_frame      0x00000000080086e8        0x0 c:/st/stm32cubeide_1.11.0/stm32cubeide/plugins/com.st.stm32cube.ide.mcu.externaltools.gnu-tools-for-stm32.10.3-2021.10.win32_1.0.200.202301161003/tools/bin/../lib/gcc/arm-none-eabi/10.3.1/thumb/v7-m/nofp/crtbegin.o
 *(.init)
 .init          0x00000000080086e8        0x4 c:/st/stm32cubeide_1.11.0/stm32cubeide/plugins/com.st.stm32cube.ide.mcu.externaltools.gnu-tools-for-stm32.10.3-2021.10.win32_1.0.200.202301161003/tools/bin/../lib/gcc/arm-none-eabi/10.3.1/thumb/v7-m/nofp/crti.o
                0x00000000080086e8                _init
 .init          0x00000000080086ec        0x8 c:/st/stm32cubeide_1.11.0/stm32cubeide/plugins/com.st.stm32cube.ide.mcu.externaltools.gnu-tools-for-stm32.10.3-2021.10.win32_1.0.200.202301161003/tools/bin/../lib/gcc/arm-none-eabi/10.3.1/thumb/v7-m/nofp/crtn.o
 *(.fini)
 .fini          0x00000000080086f4        0x4 c:/st/stm32cubeide_1.11.0/stm32cubeide/plugins/com.st.stm32cube.ide.mcu.externaltools.gnu-tools-for-stm32.10.3-2021.10.win32_1.0.200.202301161003/tools/bin/../lib/gcc/arm-none-eabi/10.3.1/thumb/v7-m/nofp/crti.o
                0x00000000080086f4                _fini
 .fini          0x00000000080086f8        0x8 c:/st/stm32cubeide_1.11.0/stm32cubeide/plugins/com.st.stm32cube.ide.mcu.externaltools.gnu-tools-for-stm32.10.3-2021.10.win32_1.0.200.202301161003/tools/bin/../lib/gcc/arm-none-eabi/10.3.1/thumb/v7-m/nofp/crtn.o
                0x0000000008008700                . = ALIGN (0x4)
                0x0000000008008700                _etext = .

.vfp11_veneer   0x0000000008008700        0x0
 .vfp11_veneer  0x0000000008008700        0x0 linker stubs

.v4_bx          0x0000000008008700        0x0
 .v4_bx         0x0000000008008700        0x0 linker stubs

.iplt           0x0000000008008700        0x0
 .iplt          0x0000000008008700        0x0 c:/st/stm32cubeide_1.11.0/stm32cubeide/plugins/com.st.stm32cube.ide.mcu.externaltools.gnu-tools-for-stm32.10.3-2021.10.win32_1.0.200.202301161003/tools/bin/../lib/gcc/arm-none-eabi/10.3.1/thumb/v7-m/nofp/crtbegin.o

.rodata         0x0000000008008700       0x90
                0x0000000008008700                . = ALIGN (0x4)
 *(.rodata)
 .rodata        0x0000000008008700       0x20 ./Core/Src/main.o
 .rodata        0x0000000008008720       0x46 ./USB_DEVICE/App/usbd_desc.o
 *(.rodata*)
 *fill*         0x0000000008008766        0x2 
 .rodata.AHBPrescTable
                0x0000000008008768       0x10 ./Core/Src/system_stm32f1xx.o
                0x0000000008008768                AHBPrescTable
 .rodata.aPLLMULFactorTable.1
                0x0000000008008778       0x10 ./Drivers/STM32F1xx_HAL_Driver/Src/stm32f1xx_hal_rcc.o
 .rodata.aPredivFactorTable.0
                0x0000000008008788        0x2 ./Drivers/STM32F1xx_HAL_Driver/Src/stm32f1xx_hal_rcc.o
 .rodata.TaskNumber
                0x000000000800878a        0x2 ./os_cfg/os_task_cfg.o
                0x000000000800878a                TaskNumber
 .rodata.AutoStartTaskNumber
                0x000000000800878c        0x2 ./os_cfg/os_task_cfg.o
                0x000000000800878c                AutoStartTaskNumber
                0x0000000008008790                . = ALIGN (0x4)
 *fill*         0x000000000800878e        0x2 

.rel.dyn        0x0000000008008790        0x0
 .rel.iplt      0x0000000008008790        0x0 c:/st/stm32cubeide_1.11.0/stm32cubeide/plugins/com.st.stm32cube.ide.mcu.externaltools.gnu-tools-for-stm32.10.3-2021.10.win32_1.0.200.202301161003/tools/bin/../lib/gcc/arm-none-eabi/10.3.1/thumb/v7-m/nofp/crtbegin.o

.ARM.extab      0x0000000008008790        0x0
                0x0000000008008790                . = ALIGN (0x4)
 *(.ARM.extab* .gnu.linkonce.armextab.*)
                0x0000000008008790                . = ALIGN (0x4)

.ARM            0x0000000008008790        0x0
                0x0000000008008790                . = ALIGN (0x4)
                0x0000000008008790                __exidx_start = .
 *(.ARM.exidx*)
                0x0000000008008790                __exidx_end = .
                0x0000000008008790                . = ALIGN (0x4)

.preinit_array  0x0000000008008790        0x0
                0x0000000008008790                . = ALIGN (0x4)
                0x0000000008008790                PROVIDE (__preinit_array_start = .)
 *(.preinit_array*)
                0x0000000008008790                PROVIDE (__preinit_array_end = .)
                0x0000000008008790                . = ALIGN (0x4)

.init_array     0x0000000008008790        0x4
                0x0000000008008790                . = ALIGN (0x4)
                0x0000000008008790                PROVIDE (__init_array_start = .)
 *(SORT_BY_NAME(.init_array.*))
 *(.init_array*)
 .init_array    0x0000000008008790        0x4 c:/st/stm32cubeide_1.11.0/stm32cubeide/plugins/com.st.stm32cube.ide.mcu.externaltools.gnu-tools-for-stm32.10.3-2021.10.win32_1.0.200.202301161003/tools/bin/../lib/gcc/arm-none-eabi/10.3.1/thumb/v7-m/nofp/crtbegin.o
                0x0000000008008794                PROVIDE (__init_array_end = .)
                0x0000000008008794                . = ALIGN (0x4)

.fini_array     0x0000000008008794        0x4
                0x0000000008008794                . = ALIGN (0x4)
                [!provide]                        PROVIDE (__fini_array_start = .)
 *(SORT_BY_NAME(.fini_array.*))
 *(.fini_array*)
 .fini_array    0x0000000008008794        0x4 c:/st/stm32cubeide_1.11.0/stm32cubeide/plugins/com.st.stm32cube.ide.mcu.externaltools.gnu-tools-for-stm32.10.3-2021.10.win32_1.0.200.202301161003/tools/bin/../lib/gcc/arm-none-eabi/10.3.1/thumb/v7-m/nofp/crtbegin.o
                [!provide]                        PROVIDE (__fini_array_end = .)
                0x0000000008008798                . = ALIGN (0x4)
                0x0000000008008798                _sidata = LOADADDR (.data)

.data           0x0000000020000000      0x1b8 load address 0x0000000008008798
                0x0000000020000000                . = ALIGN (0x4)
                0x0000000020000000                _sdata = .
 *(.data)
 *(.data*)
 .data.SystemCoreClock
                0x0000000020000000        0x4 ./Core/Src/system_stm32f1xx.o
                0x0000000020000000                SystemCoreClock
 .data.uwTickPrio
                0x0000000020000004        0x4 ./Drivers/STM32F1xx_HAL_Driver/Src/stm32f1xx_hal.o
                0x0000000020000004                uwTickPrio
 .data.uwTickFreq
                0x0000000020000008        0x1 ./Drivers/STM32F1xx_HAL_Driver/Src/stm32f1xx_hal.o
                0x0000000020000008                uwTickFreq
 *fill*         0x0000000020000009        0x3 
 .data.USBD_CDC_DeviceQualifierDesc
                0x000000002000000c        0xa ./Middlewares/ST/STM32_USB_Device_Library/Class/CDC/Src/usbd_cdc.o
 *fill*         0x0000000020000016        0x2 
 .data.USBD_CDC
                0x0000000020000018       0x38 ./Middlewares/ST/STM32_USB_Device_Library/Class/CDC/Src/usbd_cdc.o
                0x0000000020000018                USBD_CDC
 .data.USBD_CDC_CfgHSDesc
                0x0000000020000050       0x43 ./Middlewares/ST/STM32_USB_Device_Library/Class/CDC/Src/usbd_cdc.o
                0x0000000020000050                USBD_CDC_CfgHSDesc
 *fill*         0x0000000020000093        0x1 
 .data.USBD_CDC_CfgFSDesc
                0x0000000020000094       0x43 ./Middlewares/ST/STM32_USB_Device_Library/Class/CDC/Src/usbd_cdc.o
                0x0000000020000094                USBD_CDC_CfgFSDesc
 *fill*         0x00000000200000d7        0x1 
 .data.USBD_CDC_OtherSpeedCfgDesc
                0x00000000200000d8       0x43 ./Middlewares/ST/STM32_USB_Device_Library/Class/CDC/Src/usbd_cdc.o
                0x00000000200000d8                USBD_CDC_OtherSpeedCfgDesc
 *fill*         0x000000002000011b        0x1 
 .data.USBD_Interface_fops_FS
                0x000000002000011c       0x10 ./USB_DEVICE/App/usbd_cdc_if.o
                0x000000002000011c                USBD_Interface_fops_FS
 .data.FS_Desc  0x000000002000012c       0x1c ./USB_DEVICE/App/usbd_desc.o
                0x000000002000012c                FS_Desc
 .data.USBD_FS_DeviceDesc
                0x0000000020000148       0x12 ./USB_DEVICE/App/usbd_desc.o
                0x0000000020000148                USBD_FS_DeviceDesc
 *fill*         0x000000002000015a        0x2 
 .data.USBD_LangIDDesc
                0x000000002000015c        0x4 ./USB_DEVICE/App/usbd_desc.o
                0x000000002000015c                USBD_LangIDDesc
 .data.USBD_StringSerial
                0x0000000020000160       0x1a ./USB_DEVICE/App/usbd_desc.o
                0x0000000020000160                USBD_StringSerial
 .data.MainSystemTimebaseFlag
                0x000000002000017a        0x1 ./os/os.o
                0x000000002000017a                MainSystemTimebaseFlag
 *fill*         0x000000002000017b        0x1 
 .data.SchedTable
                0x000000002000017c       0x18 ./os_cfg/os_sched_tbl_cfg.o
                0x000000002000017c                SchedTable
 .data.SchedTableList
                0x0000000020000194        0xc ./os_cfg/os_sched_tbl_cfg.o
                0x0000000020000194                SchedTableList
 .data.Tasks    0x00000000200001a0       0x18 ./os_cfg/os_task_cfg.o
                0x00000000200001a0                Tasks
 *(.RamFunc)
 *(.RamFunc*)
                0x00000000200001b8                . = ALIGN (0x4)
                0x00000000200001b8                _edata = .

.igot.plt       0x00000000200001b8        0x0 load address 0x0000000008008950
 .igot.plt      0x00000000200001b8        0x0 c:/st/stm32cubeide_1.11.0/stm32cubeide/plugins/com.st.stm32cube.ide.mcu.externaltools.gnu-tools-for-stm32.10.3-2021.10.win32_1.0.200.202301161003/tools/bin/../lib/gcc/arm-none-eabi/10.3.1/thumb/v7-m/nofp/crtbegin.o
                0x00000000200001b8                . = ALIGN (0x4)

.bss            0x00000000200001b8     0x126c load address 0x0000000008008950
                0x00000000200001b8                _sbss = .
                0x00000000200001b8                __bss_start__ = _sbss
 *(.bss)
 .bss           0x00000000200001b8       0x1c c:/st/stm32cubeide_1.11.0/stm32cubeide/plugins/com.st.stm32cube.ide.mcu.externaltools.gnu-tools-for-stm32.10.3-2021.10.win32_1.0.200.202301161003/tools/bin/../lib/gcc/arm-none-eabi/10.3.1/thumb/v7-m/nofp/crtbegin.o
 *(.bss*)
 .bss.htim2     0x00000000200001d4       0x48 ./Core/Src/main.o
                0x00000000200001d4                htim2
 .bss.uwTick    0x000000002000021c        0x4 ./Drivers/STM32F1xx_HAL_Driver/Src/stm32f1xx_hal.o
                0x000000002000021c                uwTick
 .bss.cfgidx.0  0x0000000020000220        0x1 ./Middlewares/ST/STM32_USB_Device_Library/Core/Src/usbd_ctlreq.o
 *fill*         0x0000000020000221        0x3 
 .bss.hUsbDeviceFS
                0x0000000020000224      0x2c4 ./USB_DEVICE/App/usb_device.o
                0x0000000020000224                hUsbDeviceFS
 .bss.UserRxBufferFS
                0x00000000200004e8      0x400 ./USB_DEVICE/App/usbd_cdc_if.o
                0x00000000200004e8                UserRxBufferFS
 .bss.UserTxBufferFS
                0x00000000200008e8      0x400 ./USB_DEVICE/App/usbd_cdc_if.o
                0x00000000200008e8                UserTxBufferFS
 .bss.USBD_StrDesc
                0x0000000020000ce8      0x200 ./USB_DEVICE/App/usbd_desc.o
                0x0000000020000ce8                USBD_StrDesc
 .bss.hpcd_USB_FS
                0x0000000020000ee8      0x2d8 ./USB_DEVICE/Target/usbd_conf.o
                0x0000000020000ee8                hpcd_USB_FS
 .bss.mem.0     0x00000000200011c0      0x220 ./USB_DEVICE/Target/usbd_conf.o
 .bss.OsState   0x00000000200013e0        0x1 ./os/os.o
 *fill*         0x00000000200013e1        0x1 
 .bss.ActiveTaskIndex
                0x00000000200013e2        0x2 ./os/os.o
                0x00000000200013e2                ActiveTaskIndex
 .bss.TaskReadyQueue
                0x00000000200013e4       0x28 ./os/os.o
                0x00000000200013e4                TaskReadyQueue
 .bss.TaskReadyQueueCtrl
                0x000000002000140c       0x10 ./os/os.o
                0x000000002000140c                TaskReadyQueueCtrl
 .bss.TickCounter.0
                0x000000002000141c        0x2 ./os/os.o
 *fill*         0x000000002000141e        0x2 
 .bss.Os_TickCounter
                0x0000000020001420        0x4 ./os/os_timers.o
                0x0000000020001420                Os_TickCounter
 .bss.AutoStartedTasks
                0x0000000020001424        0x0 ./os_cfg/os_task_cfg.o
                0x0000000020001424                AutoStartedTasks
 *(COMMON)
                0x0000000020001424                . = ALIGN (0x4)
                0x0000000020001424                _ebss = .
                0x0000000020001424                __bss_end__ = _ebss

._user_heap_stack
                0x0000000020001424      0x604 load address 0x0000000008008950
                0x0000000020001428                . = ALIGN (0x8)
 *fill*         0x0000000020001424        0x4 
                [!provide]                        PROVIDE (end = .)
                0x0000000020001428                PROVIDE (_end = .)
                0x0000000020001628                . = (. + _Min_Heap_Size)
 *fill*         0x0000000020001428      0x200 
                0x0000000020001a28                . = (. + _Min_Stack_Size)
 *fill*         0x0000000020001628      0x400 
                0x0000000020001a28                . = ALIGN (0x8)

/DISCARD/
 libc.a(*)
 libm.a(*)
 libgcc.a(*)

.ARM.attributes
                0x0000000000000000       0x29
 *(.ARM.attributes)
 .ARM.attributes
                0x0000000000000000       0x1d c:/st/stm32cubeide_1.11.0/stm32cubeide/plugins/com.st.stm32cube.ide.mcu.externaltools.gnu-tools-for-stm32.10.3-2021.10.win32_1.0.200.202301161003/tools/bin/../lib/gcc/arm-none-eabi/10.3.1/thumb/v7-m/nofp/crti.o
 .ARM.attributes
                0x000000000000001d       0x2d c:/st/stm32cubeide_1.11.0/stm32cubeide/plugins/com.st.stm32cube.ide.mcu.externaltools.gnu-tools-for-stm32.10.3-2021.10.win32_1.0.200.202301161003/tools/bin/../lib/gcc/arm-none-eabi/10.3.1/thumb/v7-m/nofp/crtbegin.o
 .ARM.attributes
                0x000000000000004a       0x2d ./Core/Src/main.o
 .ARM.attributes
                0x0000000000000077       0x2d ./Core/Src/stm32f1xx_hal_msp.o
 .ARM.attributes
                0x00000000000000a4       0x2d ./Core/Src/stm32f1xx_it.o
 .ARM.attributes
                0x00000000000000d1       0x2d ./Core/Src/system_stm32f1xx.o
 .ARM.attributes
                0x00000000000000fe       0x21 ./Core/Startup/startup_stm32f103c8tx.o
 .ARM.attributes
                0x000000000000011f       0x2d ./Drivers/STM32F1xx_HAL_Driver/Src/stm32f1xx_hal.o
 .ARM.attributes
                0x000000000000014c       0x2d ./Drivers/STM32F1xx_HAL_Driver/Src/stm32f1xx_hal_cortex.o
 .ARM.attributes
                0x0000000000000179       0x2d ./Drivers/STM32F1xx_HAL_Driver/Src/stm32f1xx_hal_gpio.o
 .ARM.attributes
                0x00000000000001a6       0x2d ./Drivers/STM32F1xx_HAL_Driver/Src/stm32f1xx_hal_pcd.o
 .ARM.attributes
                0x00000000000001d3       0x2d ./Drivers/STM32F1xx_HAL_Driver/Src/stm32f1xx_hal_pcd_ex.o
 .ARM.attributes
                0x0000000000000200       0x2d ./Drivers/STM32F1xx_HAL_Driver/Src/stm32f1xx_hal_rcc.o
 .ARM.attributes
                0x000000000000022d       0x2d ./Drivers/STM32F1xx_HAL_Driver/Src/stm32f1xx_hal_rcc_ex.o
 .ARM.attributes
                0x000000000000025a       0x2d ./Drivers/STM32F1xx_HAL_Driver/Src/stm32f1xx_hal_tim.o
 .ARM.attributes
                0x0000000000000287       0x2d ./Drivers/STM32F1xx_HAL_Driver/Src/stm32f1xx_hal_tim_ex.o
 .ARM.attributes
                0x00000000000002b4       0x2d ./Drivers/STM32F1xx_HAL_Driver/Src/stm32f1xx_ll_usb.o
 .ARM.attributes
                0x00000000000002e1       0x2d ./Middlewares/ST/STM32_USB_Device_Library/Class/CDC/Src/usbd_cdc.o
 .ARM.attributes
                0x000000000000030e       0x2d ./Middlewares/ST/STM32_USB_Device_Library/Core/Src/usbd_core.o
 .ARM.attributes
                0x000000000000033b       0x2d ./Middlewares/ST/STM32_USB_Device_Library/Core/Src/usbd_ctlreq.o
 .ARM.attributes
                0x0000000000000368       0x2d ./Middlewares/ST/STM32_USB_Device_Library/Core/Src/usbd_ioreq.o
 .ARM.attributes
                0x0000000000000395       0x2d ./USB_DEVICE/App/usb_device.o
 .ARM.attributes
                0x00000000000003c2       0x2d ./USB_DEVICE/App/usbd_cdc_if.o
 .ARM.attributes
                0x00000000000003ef       0x2d ./USB_DEVICE/App/usbd_desc.o
 .ARM.attributes
                0x000000000000041c       0x2d ./USB_DEVICE/Target/usbd_conf.o
 .ARM.attributes
                0x0000000000000449       0x2d ./os/os.o
 .ARM.attributes
                0x0000000000000476       0x2d ./os/os_alarms.o
 .ARM.attributes
                0x00000000000004a3       0x2d ./os/os_ipc.o
 .ARM.attributes
                0x00000000000004d0       0x2d ./os/os_sched_tbl.o
 .ARM.attributes
                0x00000000000004fd       0x2d ./os/os_task.o
 .ARM.attributes
                0x000000000000052a       0x2d ./os/os_timers.o
 .ARM.attributes
                0x0000000000000557       0x2d ./os_cfg/os_sched_tbl_cfg.o
 .ARM.attributes
                0x0000000000000584       0x2d ./os_cfg/os_task_cfg.o
 .ARM.attributes
                0x00000000000005b1       0x2d c:/st/stm32cubeide_1.11.0/stm32cubeide/plugins/com.st.stm32cube.ide.mcu.externaltools.gnu-tools-for-stm32.10.3-2021.10.win32_1.0.200.202301161003/tools/bin/../lib/gcc/arm-none-eabi/10.3.1/../../../../arm-none-eabi/lib/thumb/v7-m/nofp\libc_nano.a(lib_a-init.o)
 .ARM.attributes
                0x00000000000005de       0x2d c:/st/stm32cubeide_1.11.0/stm32cubeide/plugins/com.st.stm32cube.ide.mcu.externaltools.gnu-tools-for-stm32.10.3-2021.10.win32_1.0.200.202301161003/tools/bin/../lib/gcc/arm-none-eabi/10.3.1/../../../../arm-none-eabi/lib/thumb/v7-m/nofp\libc_nano.a(lib_a-memcpy-stub.o)
 .ARM.attributes
                0x000000000000060b       0x2d c:/st/stm32cubeide_1.11.0/stm32cubeide/plugins/com.st.stm32cube.ide.mcu.externaltools.gnu-tools-for-stm32.10.3-2021.10.win32_1.0.200.202301161003/tools/bin/../lib/gcc/arm-none-eabi/10.3.1/../../../../arm-none-eabi/lib/thumb/v7-m/nofp\libc_nano.a(lib_a-memset.o)
 .ARM.attributes
                0x0000000000000638       0x17 c:/st/stm32cubeide_1.11.0/stm32cubeide/plugins/com.st.stm32cube.ide.mcu.externaltools.gnu-tools-for-stm32.10.3-2021.10.win32_1.0.200.202301161003/tools/bin/../lib/gcc/arm-none-eabi/10.3.1/../../../../arm-none-eabi/lib/thumb/v7-m/nofp\libc_nano.a(lib_a-strlen.o)
 .ARM.attributes
                0x000000000000064f       0x1d c:/st/stm32cubeide_1.11.0/stm32cubeide/plugins/com.st.stm32cube.ide.mcu.externaltools.gnu-tools-for-stm32.10.3-2021.10.win32_1.0.200.202301161003/tools/bin/../lib/gcc/arm-none-eabi/10.3.1/thumb/v7-m/nofp/crtn.o
OUTPUT(CHAOS_STM32F1.elf elf32-littlearm)
LOAD linker stubs
LOAD c:/st/stm32cubeide_1.11.0/stm32cubeide/plugins/com.st.stm32cube.ide.mcu.externaltools.gnu-tools-for-stm32.10.3-2021.10.win32_1.0.200.202301161003/tools/bin/../lib/gcc/arm-none-eabi/10.3.1/../../../../arm-none-eabi/lib/thumb/v7-m/nofp\libc.a
LOAD c:/st/stm32cubeide_1.11.0/stm32cubeide/plugins/com.st.stm32cube.ide.mcu.externaltools.gnu-tools-for-stm32.10.3-2021.10.win32_1.0.200.202301161003/tools/bin/../lib/gcc/arm-none-eabi/10.3.1/../../../../arm-none-eabi/lib/thumb/v7-m/nofp\libm.a
LOAD c:/st/stm32cubeide_1.11.0/stm32cubeide/plugins/com.st.stm32cube.ide.mcu.externaltools.gnu-tools-for-stm32.10.3-2021.10.win32_1.0.200.202301161003/tools/bin/../lib/gcc/arm-none-eabi/10.3.1/thumb/v7-m/nofp\libgcc.a

.debug_info     0x0000000000000000    0x13804
 .debug_info    0x0000000000000000      0xda8 ./Core/Src/main.o
 .debug_info    0x0000000000000da8      0x98a ./Core/Src/stm32f1xx_hal_msp.o
 .debug_info    0x0000000000001732      0xbe7 ./Core/Src/stm32f1xx_it.o
 .debug_info    0x0000000000002319      0x23d ./Core/Src/system_stm32f1xx.o
 .debug_info    0x0000000000002556       0x22 ./Core/Startup/startup_stm32f103c8tx.o
 .debug_info    0x0000000000002578      0x734 ./Drivers/STM32F1xx_HAL_Driver/Src/stm32f1xx_hal.o
 .debug_info    0x0000000000002cac      0xb20 ./Drivers/STM32F1xx_HAL_Driver/Src/stm32f1xx_hal_cortex.o
 .debug_info    0x00000000000037cc      0x615 ./Drivers/STM32F1xx_HAL_Driver/Src/stm32f1xx_hal_gpio.o
 .debug_info    0x0000000000003de1     0x183b ./Drivers/STM32F1xx_HAL_Driver/Src/stm32f1xx_hal_pcd.o
 .debug_info    0x000000000000561c      0x727 ./Drivers/STM32F1xx_HAL_Driver/Src/stm32f1xx_hal_pcd_ex.o
 .debug_info    0x0000000000005d43      0x865 ./Drivers/STM32F1xx_HAL_Driver/Src/stm32f1xx_hal_rcc.o
 .debug_info    0x00000000000065a8      0x3e6 ./Drivers/STM32F1xx_HAL_Driver/Src/stm32f1xx_hal_rcc_ex.o
 .debug_info    0x000000000000698e     0x2bcb ./Drivers/STM32F1xx_HAL_Driver/Src/stm32f1xx_hal_tim.o
 .debug_info    0x0000000000009559     0x15c7 ./Drivers/STM32F1xx_HAL_Driver/Src/stm32f1xx_hal_tim_ex.o
 .debug_info    0x000000000000ab20     0x18e5 ./Drivers/STM32F1xx_HAL_Driver/Src/stm32f1xx_ll_usb.o
 .debug_info    0x000000000000c405     0x10f0 ./Middlewares/ST/STM32_USB_Device_Library/Class/CDC/Src/usbd_cdc.o
 .debug_info    0x000000000000d4f5      0xb02 ./Middlewares/ST/STM32_USB_Device_Library/Core/Src/usbd_core.o
 .debug_info    0x000000000000dff7      0x9b6 ./Middlewares/ST/STM32_USB_Device_Library/Core/Src/usbd_ctlreq.o
 .debug_info    0x000000000000e9ad      0x715 ./Middlewares/ST/STM32_USB_Device_Library/Core/Src/usbd_ioreq.o
 .debug_info    0x000000000000f0c2      0x679 ./USB_DEVICE/App/usb_device.o
 .debug_info    0x000000000000f73b      0x828 ./USB_DEVICE/App/usbd_cdc_if.o
 .debug_info    0x000000000000ff63      0x484 ./USB_DEVICE/App/usbd_desc.o
 .debug_info    0x00000000000103e7     0x193f ./USB_DEVICE/Target/usbd_conf.o
 .debug_info    0x0000000000011d26      0x6c4 ./os/os.o
 .debug_info    0x00000000000123ea      0x1f3 ./os/os_alarms.o
 .debug_info    0x00000000000125dd      0x4bb ./os/os_ipc.o
 .debug_info    0x0000000000012a98      0x2b4 ./os/os_sched_tbl.o
 .debug_info    0x0000000000012d4c      0x47c ./os/os_task.o
 .debug_info    0x00000000000131c8      0x2b1 ./os/os_timers.o
 .debug_info    0x0000000000013479      0x1ab ./os_cfg/os_sched_tbl_cfg.o
 .debug_info    0x0000000000013624      0x1e0 ./os_cfg/os_task_cfg.o

.debug_abbrev   0x0000000000000000     0x3983
 .debug_abbrev  0x0000000000000000      0x2c4 ./Core/Src/main.o
 .debug_abbrev  0x00000000000002c4      0x19f ./Core/Src/stm32f1xx_hal_msp.o
 .debug_abbrev  0x0000000000000463      0x1b5 ./Core/Src/stm32f1xx_it.o
 .debug_abbrev  0x0000000000000618      0x13b ./Core/Src/system_stm32f1xx.o
 .debug_abbrev  0x0000000000000753       0x12 ./Core/Startup/startup_stm32f103c8tx.o
 .debug_abbrev  0x0000000000000765      0x1fb ./Drivers/STM32F1xx_HAL_Driver/Src/stm32f1xx_hal.o
 .debug_abbrev  0x0000000000000960      0x2ed ./Drivers/STM32F1xx_HAL_Driver/Src/stm32f1xx_hal_cortex.o
 .debug_abbrev  0x0000000000000c4d      0x1bb ./Drivers/STM32F1xx_HAL_Driver/Src/stm32f1xx_hal_gpio.o
 .debug_abbrev  0x0000000000000e08      0x2c0 ./Drivers/STM32F1xx_HAL_Driver/Src/stm32f1xx_hal_pcd.o
 .debug_abbrev  0x00000000000010c8      0x17f ./Drivers/STM32F1xx_HAL_Driver/Src/stm32f1xx_hal_pcd_ex.o
 .debug_abbrev  0x0000000000001247      0x2a8 ./Drivers/STM32F1xx_HAL_Driver/Src/stm32f1xx_hal_rcc.o
 .debug_abbrev  0x00000000000014ef      0x182 ./Drivers/STM32F1xx_HAL_Driver/Src/stm32f1xx_hal_rcc_ex.o
 .debug_abbrev  0x0000000000001671      0x264 ./Drivers/STM32F1xx_HAL_Driver/Src/stm32f1xx_hal_tim.o
 .debug_abbrev  0x00000000000018d5      0x26c ./Drivers/STM32F1xx_HAL_Driver/Src/stm32f1xx_hal_tim_ex.o
 .debug_abbrev  0x0000000000001b41      0x1d4 ./Drivers/STM32F1xx_HAL_Driver/Src/stm32f1xx_ll_usb.o
 .debug_abbrev  0x0000000000001d15      0x2c0 ./Middlewares/ST/STM32_USB_Device_Library/Class/CDC/Src/usbd_cdc.o
 .debug_abbrev  0x0000000000001fd5      0x236 ./Middlewares/ST/STM32_USB_Device_Library/Core/Src/usbd_core.o
 .debug_abbrev  0x000000000000220b      0x257 ./Middlewares/ST/STM32_USB_Device_Library/Core/Src/usbd_ctlreq.o
 .debug_abbrev  0x0000000000002462      0x183 ./Middlewares/ST/STM32_USB_Device_Library/Core/Src/usbd_ioreq.o
 .debug_abbrev  0x00000000000025e5      0x183 ./USB_DEVICE/App/usb_device.o
 .debug_abbrev  0x0000000000002768      0x252 ./USB_DEVICE/App/usbd_cdc_if.o
 .debug_abbrev  0x00000000000029ba      0x1fa ./USB_DEVICE/App/usbd_desc.o
 .debug_abbrev  0x0000000000002bb4      0x305 ./USB_DEVICE/Target/usbd_conf.o
 .debug_abbrev  0x0000000000002eb9      0x287 ./os/os.o
 .debug_abbrev  0x0000000000003140       0xb4 ./os/os_alarms.o
 .debug_abbrev  0x00000000000031f4      0x1a8 ./os/os_ipc.o
 .debug_abbrev  0x000000000000339c      0x127 ./os/os_sched_tbl.o
 .debug_abbrev  0x00000000000034c3      0x1c9 ./os/os_task.o
 .debug_abbrev  0x000000000000368c      0x13b ./os/os_timers.o
 .debug_abbrev  0x00000000000037c7       0xcb ./os_cfg/os_sched_tbl_cfg.o
 .debug_abbrev  0x0000000000003892       0xf1 ./os_cfg/os_task_cfg.o

.debug_aranges  0x0000000000000000     0x11f0
 .debug_aranges
                0x0000000000000000       0x58 ./Core/Src/main.o
 .debug_aranges
                0x0000000000000058       0x30 ./Core/Src/stm32f1xx_hal_msp.o
 .debug_aranges
                0x0000000000000088       0x70 ./Core/Src/stm32f1xx_it.o
 .debug_aranges
                0x00000000000000f8       0x28 ./Core/Src/system_stm32f1xx.o
 .debug_aranges
                0x0000000000000120       0x28 ./Core/Startup/startup_stm32f103c8tx.o
 .debug_aranges
                0x0000000000000148       0xe0 ./Drivers/STM32F1xx_HAL_Driver/Src/stm32f1xx_hal.o
 .debug_aranges
                0x0000000000000228      0x100 ./Drivers/STM32F1xx_HAL_Driver/Src/stm32f1xx_hal_cortex.o
 .debug_aranges
                0x0000000000000328       0x58 ./Drivers/STM32F1xx_HAL_Driver/Src/stm32f1xx_hal_gpio.o
 .debug_aranges
                0x0000000000000380      0x140 ./Drivers/STM32F1xx_HAL_Driver/Src/stm32f1xx_hal_pcd.o
 .debug_aranges
                0x00000000000004c0       0x38 ./Drivers/STM32F1xx_HAL_Driver/Src/stm32f1xx_hal_pcd_ex.o
 .debug_aranges
                0x00000000000004f8       0x90 ./Drivers/STM32F1xx_HAL_Driver/Src/stm32f1xx_hal_rcc.o
 .debug_aranges
                0x0000000000000588       0x30 ./Drivers/STM32F1xx_HAL_Driver/Src/stm32f1xx_hal_rcc_ex.o
 .debug_aranges
                0x00000000000005b8      0x3d0 ./Drivers/STM32F1xx_HAL_Driver/Src/stm32f1xx_hal_tim.o
 .debug_aranges
                0x0000000000000988      0x168 ./Drivers/STM32F1xx_HAL_Driver/Src/stm32f1xx_hal_tim_ex.o
 .debug_aranges
                0x0000000000000af0       0xf8 ./Drivers/STM32F1xx_HAL_Driver/Src/stm32f1xx_ll_usb.o
 .debug_aranges
                0x0000000000000be8       0x90 ./Middlewares/ST/STM32_USB_Device_Library/Class/CDC/Src/usbd_cdc.o
 .debug_aranges
                0x0000000000000c78       0xb8 ./Middlewares/ST/STM32_USB_Device_Library/Core/Src/usbd_core.o
 .debug_aranges
                0x0000000000000d30       0x88 ./Middlewares/ST/STM32_USB_Device_Library/Core/Src/usbd_ctlreq.o
 .debug_aranges
                0x0000000000000db8       0x50 ./Middlewares/ST/STM32_USB_Device_Library/Core/Src/usbd_ioreq.o
 .debug_aranges
                0x0000000000000e08       0x20 ./USB_DEVICE/App/usb_device.o
 .debug_aranges
                0x0000000000000e28       0x40 ./USB_DEVICE/App/usbd_cdc_if.o
 .debug_aranges
                0x0000000000000e68       0x60 ./USB_DEVICE/App/usbd_desc.o
 .debug_aranges
                0x0000000000000ec8      0x118 ./USB_DEVICE/Target/usbd_conf.o
 .debug_aranges
                0x0000000000000fe0       0x80 ./os/os.o
 .debug_aranges
                0x0000000000001060       0x30 ./os/os_alarms.o
 .debug_aranges
                0x0000000000001090       0x60 ./os/os_ipc.o
 .debug_aranges
                0x00000000000010f0       0x30 ./os/os_sched_tbl.o
 .debug_aranges
                0x0000000000001120       0x50 ./os/os_task.o
 .debug_aranges
                0x0000000000001170       0x50 ./os/os_timers.o
 .debug_aranges
                0x00000000000011c0       0x18 ./os_cfg/os_sched_tbl_cfg.o
 .debug_aranges
                0x00000000000011d8       0x18 ./os_cfg/os_task_cfg.o

.debug_ranges   0x0000000000000000      0xff8
 .debug_ranges  0x0000000000000000       0x48 ./Core/Src/main.o
 .debug_ranges  0x0000000000000048       0x20 ./Core/Src/stm32f1xx_hal_msp.o
 .debug_ranges  0x0000000000000068       0x60 ./Core/Src/stm32f1xx_it.o
 .debug_ranges  0x00000000000000c8       0x18 ./Core/Src/system_stm32f1xx.o
 .debug_ranges  0x00000000000000e0       0x20 ./Core/Startup/startup_stm32f103c8tx.o
 .debug_ranges  0x0000000000000100       0xd0 ./Drivers/STM32F1xx_HAL_Driver/Src/stm32f1xx_hal.o
 .debug_ranges  0x00000000000001d0       0xf0 ./Drivers/STM32F1xx_HAL_Driver/Src/stm32f1xx_hal_cortex.o
 .debug_ranges  0x00000000000002c0       0x48 ./Drivers/STM32F1xx_HAL_Driver/Src/stm32f1xx_hal_gpio.o
 .debug_ranges  0x0000000000000308      0x130 ./Drivers/STM32F1xx_HAL_Driver/Src/stm32f1xx_hal_pcd.o
 .debug_ranges  0x0000000000000438       0x28 ./Drivers/STM32F1xx_HAL_Driver/Src/stm32f1xx_hal_pcd_ex.o
 .debug_ranges  0x0000000000000460       0x80 ./Drivers/STM32F1xx_HAL_Driver/Src/stm32f1xx_hal_rcc.o
 .debug_ranges  0x00000000000004e0       0x20 ./Drivers/STM32F1xx_HAL_Driver/Src/stm32f1xx_hal_rcc_ex.o
 .debug_ranges  0x0000000000000500      0x3c0 ./Drivers/STM32F1xx_HAL_Driver/Src/stm32f1xx_hal_tim.o
 .debug_ranges  0x00000000000008c0      0x158 ./Drivers/STM32F1xx_HAL_Driver/Src/stm32f1xx_hal_tim_ex.o
 .debug_ranges  0x0000000000000a18       0xe8 ./Drivers/STM32F1xx_HAL_Driver/Src/stm32f1xx_ll_usb.o
 .debug_ranges  0x0000000000000b00       0x80 ./Middlewares/ST/STM32_USB_Device_Library/Class/CDC/Src/usbd_cdc.o
 .debug_ranges  0x0000000000000b80       0xa8 ./Middlewares/ST/STM32_USB_Device_Library/Core/Src/usbd_core.o
 .debug_ranges  0x0000000000000c28       0x78 ./Middlewares/ST/STM32_USB_Device_Library/Core/Src/usbd_ctlreq.o
 .debug_ranges  0x0000000000000ca0       0x40 ./Middlewares/ST/STM32_USB_Device_Library/Core/Src/usbd_ioreq.o
 .debug_ranges  0x0000000000000ce0       0x10 ./USB_DEVICE/App/usb_device.o
 .debug_ranges  0x0000000000000cf0       0x30 ./USB_DEVICE/App/usbd_cdc_if.o
 .debug_ranges  0x0000000000000d20       0x50 ./USB_DEVICE/App/usbd_desc.o
 .debug_ranges  0x0000000000000d70      0x108 ./USB_DEVICE/Target/usbd_conf.o
 .debug_ranges  0x0000000000000e78       0x70 ./os/os.o
 .debug_ranges  0x0000000000000ee8       0x20 ./os/os_alarms.o
 .debug_ranges  0x0000000000000f08       0x50 ./os/os_ipc.o
 .debug_ranges  0x0000000000000f58       0x20 ./os/os_sched_tbl.o
 .debug_ranges  0x0000000000000f78       0x40 ./os/os_task.o
 .debug_ranges  0x0000000000000fb8       0x40 ./os/os_timers.o

.debug_macro    0x0000000000000000    0x1bb30
 .debug_macro   0x0000000000000000      0x3fe ./Core/Src/main.o
 .debug_macro   0x00000000000003fe      0xa6c ./Core/Src/main.o
 .debug_macro   0x0000000000000e6a      0x21b ./Core/Src/main.o
 .debug_macro   0x0000000000001085       0x2e ./Core/Src/main.o
 .debug_macro   0x00000000000010b3       0x22 ./Core/Src/main.o
 .debug_macro   0x00000000000010d5       0x22 ./Core/Src/main.o
 .debug_macro   0x00000000000010f7       0x8e ./Core/Src/main.o
 .debug_macro   0x0000000000001185       0x51 ./Core/Src/main.o
 .debug_macro   0x00000000000011d6      0x103 ./Core/Src/main.o
 .debug_macro   0x00000000000012d9       0x6a ./Core/Src/main.o
 .debug_macro   0x0000000000001343      0x1df ./Core/Src/main.o
 .debug_macro   0x0000000000001522       0x1c ./Core/Src/main.o
 .debug_macro   0x000000000000153e       0x22 ./Core/Src/main.o
 .debug_macro   0x0000000000001560       0xbd ./Core/Src/main.o
 .debug_macro   0x000000000000161d      0xd23 ./Core/Src/main.o
 .debug_macro   0x0000000000002340     0xe09e ./Core/Src/main.o
 .debug_macro   0x00000000000103de       0x6d ./Core/Src/main.o
 .debug_macro   0x000000000001044b     0x34a2 ./Core/Src/main.o
 .debug_macro   0x00000000000138ed      0x174 ./Core/Src/main.o
 .debug_macro   0x0000000000013a61       0x5c ./Core/Src/main.o
 .debug_macro   0x0000000000013abd      0x5bc ./Core/Src/main.o
 .debug_macro   0x0000000000014079      0x289 ./Core/Src/main.o
 .debug_macro   0x0000000000014302      0x1cb ./Core/Src/main.o
 .debug_macro   0x00000000000144cd      0x114 ./Core/Src/main.o
 .debug_macro   0x00000000000145e1      0x1b2 ./Core/Src/main.o
 .debug_macro   0x0000000000014793       0x27 ./Core/Src/main.o
 .debug_macro   0x00000000000147ba      0x136 ./Core/Src/main.o
 .debug_macro   0x00000000000148f0      0x1bc ./Core/Src/main.o
 .debug_macro   0x0000000000014aac       0x34 ./Core/Src/main.o
 .debug_macro   0x0000000000014ae0       0x3c ./Core/Src/main.o
 .debug_macro   0x0000000000014b1c       0x57 ./Core/Src/main.o
 .debug_macro   0x0000000000014b73       0x87 ./Core/Src/main.o
 .debug_macro   0x0000000000014bfa      0x240 ./Core/Src/main.o
 .debug_macro   0x0000000000014e3a      0x140 ./Core/Src/main.o
 .debug_macro   0x0000000000014f7a      0x8ed ./Core/Src/main.o
 .debug_macro   0x0000000000015867       0xb7 ./Core/Src/main.o
 .debug_macro   0x000000000001591e      0x242 ./Core/Src/main.o
 .debug_macro   0x0000000000015b60       0x83 ./Core/Src/main.o
 .debug_macro   0x0000000000015be3       0x10 ./Core/Src/main.o
 .debug_macro   0x0000000000015bf3       0x52 ./Core/Src/main.o
 .debug_macro   0x0000000000015c45       0x18 ./Core/Src/main.o
 .debug_macro   0x0000000000015c5d       0x3c ./Core/Src/main.o
 .debug_macro   0x0000000000015c99       0x34 ./Core/Src/main.o
 .debug_macro   0x0000000000015ccd       0x16 ./Core/Src/main.o
 .debug_macro   0x0000000000015ce3       0x35 ./Core/Src/main.o
 .debug_macro   0x0000000000015d18      0x341 ./Core/Src/main.o
 .debug_macro   0x0000000000016059       0x10 ./Core/Src/main.o
 .debug_macro   0x0000000000016069       0x16 ./Core/Src/main.o
 .debug_macro   0x000000000001607f       0x43 ./Core/Src/main.o
 .debug_macro   0x00000000000160c2       0x34 ./Core/Src/main.o
 .debug_macro   0x00000000000160f6       0x10 ./Core/Src/main.o
 .debug_macro   0x0000000000016106       0x58 ./Core/Src/main.o
 .debug_macro   0x000000000001615e       0x71 ./Core/Src/main.o
 .debug_macro   0x00000000000161cf       0x1c ./Core/Src/main.o
 .debug_macro   0x00000000000161eb      0x12a ./Core/Src/main.o
 .debug_macro   0x0000000000016315       0x10 ./Core/Src/main.o
 .debug_macro   0x0000000000016325       0x1c ./Core/Src/main.o
 .debug_macro   0x0000000000016341       0x52 ./Core/Src/main.o
 .debug_macro   0x0000000000016393       0x22 ./Core/Src/main.o
 .debug_macro   0x00000000000163b5       0x10 ./Core/Src/main.o
 .debug_macro   0x00000000000163c5       0x52 ./Core/Src/main.o
 .debug_macro   0x0000000000016417       0xd5 ./Core/Src/main.o
 .debug_macro   0x00000000000164ec       0x1c ./Core/Src/main.o
 .debug_macro   0x0000000000016508       0x3d ./Core/Src/main.o
 .debug_macro   0x0000000000016545       0x16 ./Core/Src/main.o
 .debug_macro   0x000000000001655b      0x145 ./Core/Src/main.o
 .debug_macro   0x00000000000166a0       0x16 ./Core/Src/main.o
 .debug_macro   0x00000000000166b6       0x16 ./Core/Src/main.o
 .debug_macro   0x00000000000166cc       0x29 ./Core/Src/main.o
 .debug_macro   0x00000000000166f5       0x16 ./Core/Src/main.o
 .debug_macro   0x000000000001670b       0x20 ./Core/Src/main.o
 .debug_macro   0x000000000001672b       0x5f ./Core/Src/main.o
 .debug_macro   0x000000000001678a      0x1c8 ./Core/Src/main.o
 .debug_macro   0x0000000000016952       0x22 ./Core/Src/main.o
 .debug_macro   0x0000000000016974       0xbe ./Core/Src/main.o
 .debug_macro   0x0000000000016a32       0x1c ./Core/Src/main.o
 .debug_macro   0x0000000000016a4e       0x76 ./Core/Src/main.o
 .debug_macro   0x0000000000016ac4       0x7c ./Core/Src/main.o
 .debug_macro   0x0000000000016b40      0x1cc ./Core/Src/stm32f1xx_hal_msp.o
 .debug_macro   0x0000000000016d0c      0x1d6 ./Core/Src/stm32f1xx_it.o
 .debug_macro   0x0000000000016ee2      0x1bd ./Core/Src/system_stm32f1xx.o
 .debug_macro   0x000000000001709f      0x1e1 ./Drivers/STM32F1xx_HAL_Driver/Src/stm32f1xx_hal.o
 .debug_macro   0x0000000000017280      0x1bd ./Drivers/STM32F1xx_HAL_Driver/Src/stm32f1xx_hal_cortex.o
 .debug_macro   0x000000000001743d      0x228 ./Drivers/STM32F1xx_HAL_Driver/Src/stm32f1xx_hal_gpio.o
 .debug_macro   0x0000000000017665      0x1c9 ./Drivers/STM32F1xx_HAL_Driver/Src/stm32f1xx_hal_pcd.o
 .debug_macro   0x000000000001782e      0x1bd ./Drivers/STM32F1xx_HAL_Driver/Src/stm32f1xx_hal_pcd_ex.o
 .debug_macro   0x00000000000179eb      0x1cf ./Drivers/STM32F1xx_HAL_Driver/Src/stm32f1xx_hal_rcc.o
 .debug_macro   0x0000000000017bba      0x1bd ./Drivers/STM32F1xx_HAL_Driver/Src/stm32f1xx_hal_rcc_ex.o
 .debug_macro   0x0000000000017d77      0x1be ./Drivers/STM32F1xx_HAL_Driver/Src/stm32f1xx_hal_tim.o
 .debug_macro   0x0000000000017f35      0x1bd ./Drivers/STM32F1xx_HAL_Driver/Src/stm32f1xx_hal_tim_ex.o
 .debug_macro   0x00000000000180f2      0x1bd ./Drivers/STM32F1xx_HAL_Driver/Src/stm32f1xx_ll_usb.o
 .debug_macro   0x00000000000182af      0x3e2 ./Middlewares/ST/STM32_USB_Device_Library/Class/CDC/Src/usbd_cdc.o
 .debug_macro   0x0000000000018691       0x97 ./Middlewares/ST/STM32_USB_Device_Library/Class/CDC/Src/usbd_cdc.o
 .debug_macro   0x0000000000018728       0xfd ./Middlewares/ST/STM32_USB_Device_Library/Class/CDC/Src/usbd_cdc.o
 .debug_macro   0x0000000000018825       0x56 ./Middlewares/ST/STM32_USB_Device_Library/Class/CDC/Src/usbd_cdc.o
 .debug_macro   0x000000000001887b       0x8f ./Middlewares/ST/STM32_USB_Device_Library/Class/CDC/Src/usbd_cdc.o
 .debug_macro   0x000000000001890a      0x3c9 ./Middlewares/ST/STM32_USB_Device_Library/Core/Src/usbd_core.o
 .debug_macro   0x0000000000018cd3      0x1ce ./Middlewares/ST/STM32_USB_Device_Library/Core/Src/usbd_core.o
 .debug_macro   0x0000000000018ea1      0x3d3 ./Middlewares/ST/STM32_USB_Device_Library/Core/Src/usbd_ctlreq.o
 .debug_macro   0x0000000000019274      0x3cf ./Middlewares/ST/STM32_USB_Device_Library/Core/Src/usbd_ioreq.o
 .debug_macro   0x0000000000019643      0x402 ./USB_DEVICE/App/usb_device.o
 .debug_macro   0x0000000000019a45       0x16 ./USB_DEVICE/App/usb_device.o
 .debug_macro   0x0000000000019a5b       0x22 ./USB_DEVICE/App/usb_device.o
 .debug_macro   0x0000000000019a7d       0x16 ./USB_DEVICE/App/usb_device.o
 .debug_macro   0x0000000000019a93      0x3ed ./USB_DEVICE/App/usbd_cdc_if.o
 .debug_macro   0x0000000000019e80       0x10 ./USB_DEVICE/App/usbd_cdc_if.o
 .debug_macro   0x0000000000019e90      0x406 ./USB_DEVICE/App/usbd_desc.o
 .debug_macro   0x000000000001a296       0x1c ./USB_DEVICE/App/usbd_desc.o
 .debug_macro   0x000000000001a2b2      0x3e6 ./USB_DEVICE/Target/usbd_conf.o
 .debug_macro   0x000000000001a698      0x2d0 ./os/os.o
 .debug_macro   0x000000000001a968       0x16 ./os/os.o
 .debug_macro   0x000000000001a97e       0x16 ./os/os.o
 .debug_macro   0x000000000001a994      0x2a7 ./os/os_alarms.o
 .debug_macro   0x000000000001ac3b      0x251 ./os/os_ipc.o
 .debug_macro   0x000000000001ae8c      0x2a6 ./os/os_sched_tbl.o
 .debug_macro   0x000000000001b132      0x289 ./os/os_task.o
 .debug_macro   0x000000000001b3bb      0x24a ./os/os_timers.o
 .debug_macro   0x000000000001b605      0x29e ./os_cfg/os_sched_tbl_cfg.o
 .debug_macro   0x000000000001b8a3      0x28d ./os_cfg/os_task_cfg.o

.debug_line     0x0000000000000000    0x16b49
 .debug_line    0x0000000000000000      0xb20 ./Core/Src/main.o
 .debug_line    0x0000000000000b20      0x6e4 ./Core/Src/stm32f1xx_hal_msp.o
 .debug_line    0x0000000000001204      0x79b ./Core/Src/stm32f1xx_it.o
 .debug_line    0x000000000000199f      0x727 ./Core/Src/system_stm32f1xx.o
 .debug_line    0x00000000000020c6       0x86 ./Core/Startup/startup_stm32f103c8tx.o
 .debug_line    0x000000000000214c      0x954 ./Drivers/STM32F1xx_HAL_Driver/Src/stm32f1xx_hal.o
 .debug_line    0x0000000000002aa0      0xb3c ./Drivers/STM32F1xx_HAL_Driver/Src/stm32f1xx_hal_cortex.o
 .debug_line    0x00000000000035dc      0x9ed ./Drivers/STM32F1xx_HAL_Driver/Src/stm32f1xx_hal_gpio.o
 .debug_line    0x0000000000003fc9     0x137f ./Drivers/STM32F1xx_HAL_Driver/Src/stm32f1xx_hal_pcd.o
 .debug_line    0x0000000000005348      0x722 ./Drivers/STM32F1xx_HAL_Driver/Src/stm32f1xx_hal_pcd_ex.o
 .debug_line    0x0000000000005a6a      0xd60 ./Drivers/STM32F1xx_HAL_Driver/Src/stm32f1xx_hal_rcc.o
 .debug_line    0x00000000000067ca      0x89b ./Drivers/STM32F1xx_HAL_Driver/Src/stm32f1xx_hal_rcc_ex.o
 .debug_line    0x0000000000007065     0x33fa ./Drivers/STM32F1xx_HAL_Driver/Src/stm32f1xx_hal_tim.o
 .debug_line    0x000000000000a45f     0x189a ./Drivers/STM32F1xx_HAL_Driver/Src/stm32f1xx_hal_tim_ex.o
 .debug_line    0x000000000000bcf9     0x1009 ./Drivers/STM32F1xx_HAL_Driver/Src/stm32f1xx_ll_usb.o
 .debug_line    0x000000000000cd02      0xd35 ./Middlewares/ST/STM32_USB_Device_Library/Class/CDC/Src/usbd_cdc.o
 .debug_line    0x000000000000da37      0xdb5 ./Middlewares/ST/STM32_USB_Device_Library/Core/Src/usbd_core.o
 .debug_line    0x000000000000e7ec      0xfd7 ./Middlewares/ST/STM32_USB_Device_Library/Core/Src/usbd_ctlreq.o
 .debug_line    0x000000000000f7c3      0xa4b ./Middlewares/ST/STM32_USB_Device_Library/Core/Src/usbd_ioreq.o
 .debug_line    0x000000000001020e      0xa0b ./USB_DEVICE/App/usb_device.o
 .debug_line    0x0000000000010c19      0xa53 ./USB_DEVICE/App/usbd_cdc_if.o
 .debug_line    0x000000000001166c      0xad4 ./USB_DEVICE/App/usbd_desc.o
 .debug_line    0x0000000000012140      0xdf0 ./USB_DEVICE/Target/usbd_conf.o
 .debug_line    0x0000000000012f30      0x954 ./os/os.o
 .debug_line    0x0000000000013884      0x721 ./os/os_alarms.o
 .debug_line    0x0000000000013fa5      0x840 ./os/os_ipc.o
 .debug_line    0x00000000000147e5      0x809 ./os/os_sched_tbl.o
 .debug_line    0x0000000000014fee      0x7da ./os/os_task.o
 .debug_line    0x00000000000157c8      0x711 ./os/os_timers.o
 .debug_line    0x0000000000015ed9      0x648 ./os_cfg/os_sched_tbl_cfg.o
 .debug_line    0x0000000000016521      0x628 ./os_cfg/os_task_cfg.o

.debug_str      0x0000000000000000    0x8e185
 .debug_str     0x0000000000000000    0x897c5 ./Core/Src/main.o
                                      0x89c29 (size before relaxing)
 .debug_str     0x00000000000897c5      0x33a ./Core/Src/stm32f1xx_hal_msp.o
                                      0x84b8b (size before relaxing)
 .debug_str     0x0000000000089aff      0x3fb ./Core/Src/stm32f1xx_it.o
                                      0x84bf7 (size before relaxing)
 .debug_str     0x0000000000089efa       0x7e ./Core/Src/system_stm32f1xx.o
                                      0x84389 (size before relaxing)
 .debug_str     0x0000000000089f78       0x36 ./Core/Startup/startup_stm32f103c8tx.o
                                         0x85 (size before relaxing)
 .debug_str     0x0000000000089fae      0x384 ./Drivers/STM32F1xx_HAL_Driver/Src/stm32f1xx_hal.o
                                      0x84abc (size before relaxing)
 .debug_str     0x000000000008a332      0x26c ./Drivers/STM32F1xx_HAL_Driver/Src/stm32f1xx_hal_cortex.o
                                      0x84a08 (size before relaxing)
 .debug_str     0x000000000008a59e      0x2e3 ./Drivers/STM32F1xx_HAL_Driver/Src/stm32f1xx_hal_gpio.o
                                      0x8470f (size before relaxing)
 .debug_str     0x000000000008a881      0x5bd ./Drivers/STM32F1xx_HAL_Driver/Src/stm32f1xx_hal_pcd.o
                                      0x84ca6 (size before relaxing)
 .debug_str     0x000000000008ae3e      0x170 ./Drivers/STM32F1xx_HAL_Driver/Src/stm32f1xx_hal_pcd_ex.o
                                      0x84808 (size before relaxing)
 .debug_str     0x000000000008afae      0x229 ./Drivers/STM32F1xx_HAL_Driver/Src/stm32f1xx_hal_rcc.o
                                      0x847b8 (size before relaxing)
 .debug_str     0x000000000008b1d7       0x9f ./Drivers/STM32F1xx_HAL_Driver/Src/stm32f1xx_hal_rcc_ex.o
                                      0x84508 (size before relaxing)
 .debug_str     0x000000000008b276      0xdd2 ./Drivers/STM32F1xx_HAL_Driver/Src/stm32f1xx_hal_tim.o
                                      0x857ba (size before relaxing)
 .debug_str     0x000000000008c048      0x493 ./Drivers/STM32F1xx_HAL_Driver/Src/stm32f1xx_hal_tim_ex.o
                                      0x84fc6 (size before relaxing)
 .debug_str     0x000000000008c4db      0x129 ./Drivers/STM32F1xx_HAL_Driver/Src/stm32f1xx_ll_usb.o
                                      0x8485a (size before relaxing)
 .debug_str     0x000000000008c604      0x967 ./Middlewares/ST/STM32_USB_Device_Library/Class/CDC/Src/usbd_cdc.o
                                      0x898d8 (size before relaxing)
 .debug_str     0x000000000008cf6b      0x281 ./Middlewares/ST/STM32_USB_Device_Library/Core/Src/usbd_core.o
                                      0x89208 (size before relaxing)
 .debug_str     0x000000000008d1ec      0x120 ./Middlewares/ST/STM32_USB_Device_Library/Core/Src/usbd_ctlreq.o
                                      0x89122 (size before relaxing)
 .debug_str     0x000000000008d30c       0x51 ./Middlewares/ST/STM32_USB_Device_Library/Core/Src/usbd_ioreq.o
                                      0x8904f (size before relaxing)
 .debug_str     0x000000000008d35d      0x105 ./USB_DEVICE/App/usb_device.o
                                      0x893da (size before relaxing)
 .debug_str     0x000000000008d462       0x7d ./USB_DEVICE/App/usbd_cdc_if.o
                                      0x89400 (size before relaxing)
 .debug_str     0x000000000008d4df      0x258 ./USB_DEVICE/App/usbd_desc.o
                                      0x88f8b (size before relaxing)
 .debug_str     0x000000000008d737       0x78 ./USB_DEVICE/Target/usbd_conf.o
                                      0x89e65 (size before relaxing)
 .debug_str     0x000000000008d7af      0x47e ./os/os.o
                                       0x8a1d (size before relaxing)
 .debug_str     0x000000000008dc2d       0xbe ./os/os_alarms.o
                                       0x8656 (size before relaxing)
 .debug_str     0x000000000008dceb      0x169 ./os/os_ipc.o
                                       0x82d3 (size before relaxing)
 .debug_str     0x000000000008de54      0x11f ./os/os_sched_tbl.o
                                       0x871e (size before relaxing)
 .debug_str     0x000000000008df73       0x9c ./os/os_task.o
                                       0x878b (size before relaxing)
 .debug_str     0x000000000008e00f      0x137 ./os/os_timers.o
                                       0x824d (size before relaxing)
 .debug_str     0x000000000008e146       0x1d ./os_cfg/os_sched_tbl_cfg.o
                                       0x8665 (size before relaxing)
 .debug_str     0x000000000008e163       0x22 ./os_cfg/os_task_cfg.o
                                       0x85f2 (size before relaxing)

.comment        0x0000000000000000       0x50
 .comment       0x0000000000000000       0x50 ./Core/Src/main.o
                                         0x51 (size before relaxing)
 .comment       0x0000000000000050       0x51 ./Core/Src/stm32f1xx_hal_msp.o
 .comment       0x0000000000000050       0x51 ./Core/Src/stm32f1xx_it.o
 .comment       0x0000000000000050       0x51 ./Core/Src/system_stm32f1xx.o
 .comment       0x0000000000000050       0x51 ./Drivers/STM32F1xx_HAL_Driver/Src/stm32f1xx_hal.o
 .comment       0x0000000000000050       0x51 ./Drivers/STM32F1xx_HAL_Driver/Src/stm32f1xx_hal_cortex.o
 .comment       0x0000000000000050       0x51 ./Drivers/STM32F1xx_HAL_Driver/Src/stm32f1xx_hal_gpio.o
 .comment       0x0000000000000050       0x51 ./Drivers/STM32F1xx_HAL_Driver/Src/stm32f1xx_hal_pcd.o
 .comment       0x0000000000000050       0x51 ./Drivers/STM32F1xx_HAL_Driver/Src/stm32f1xx_hal_pcd_ex.o
 .comment       0x0000000000000050       0x51 ./Drivers/STM32F1xx_HAL_Driver/Src/stm32f1xx_hal_rcc.o
 .comment       0x0000000000000050       0x51 ./Drivers/STM32F1xx_HAL_Driver/Src/stm32f1xx_hal_rcc_ex.o
 .comment       0x0000000000000050       0x51 ./Drivers/STM32F1xx_HAL_Driver/Src/stm32f1xx_hal_tim.o