../Core/Src/main.c:68:6:HAL_TIM_PeriodElapsedCallback	16	static
../Core/Src/main.c:77:6:CAN_SendMessage	8	static
../Core/Src/main.c:102:1:MyTask_1	16	static
../Core/Src/main.c:118:1:MyTask_2	16	static
../Core/Src/main.c:142:5:main	8	static
../Core/Src/main.c:194:6:SystemClock_Config	72	static
../Core/Src/main.c:234:13:MX_CAN_Init	8	static
../Core/Src/main.c:271:13:MX_TIM2_Init	32	static
../Core/Src/main.c:316:13:MX_GPIO_Init	40	static
../Core/Src/main.c:349:6:Error_Handler	4	static,ignoring_inline_asm
